[github.com/lvyztr/WebAppH.html]
[github.githubassets.com/assets/light-8e973f836952.css]
[github.githubassets.com/assets/light_high_contrast-34b642d57214.css]
[github.githubassets.com/assets/dark-4bce7af39e21.css]
[github.githubassets.com/assets/dark_high_contrast-ad512d3e2f3b.css]
[github.githubassets.com/assets/light_colorblind-54be93e666a7.css]
[github.githubassets.com/assets/light_colorblind_high_contrast-8ae7edf5489c.css]
[github.githubassets.com/assets/light_tritanopia-84d50df427c0.css]
[github.githubassets.com/assets/light_tritanopia_high_contrast-a80873375146.css]
[github.githubassets.com/assets/dark_colorblind-d152d6cd6879.css]
[github.githubassets.com/assets/dark_colorblind_high_contrast-fa4060c1a9da.css]
[github.githubassets.com/assets/dark_tritanopia-d7bad0fb00bb.css]
[github.githubassets.com/assets/dark_tritanopia_high_contrast-4a0107c0f60c.css]
[github.githubassets.com/assets/dark_dimmed-045e6b6ac094.css]
[github.githubassets.com/assets/dark_dimmed_high_contrast-5de537db5e79.css]
[github.githubassets.com/assets/primer-primitives-15839d47b75d.css]
[github.githubassets.com/assets/primer-a5c85403da8c.css]
[github.githubassets.com/assets/global-abde950b7df1.css]
[github.githubassets.com/assets/github-490b3f68bf33.css]
[github.githubassets.com/assets/repository-5d735668c600.css]
[backblue.gif]
[fade.gif]
[index.html]
[github.githubassets.com/assets/code-9c9b8dc61e74.css]
[github.githubassets.com/assets/high-contrast-cookie-1a011967750c.js]
[github.githubassets.com/assets/wp-runtime-254bc8df1b4b.js]
[github.githubassets.com/assets/vendors-node_modules_oddbird_popover-polyfill_dist_popover-fn_js-392bf0ab720a.js]
[github.githubassets.com/assets/vendors-node_modules_stacktrace-parser_dist_stack-trace-parser_esm_js-node_modules_github_bro-2f4e04-ebb51d646f4d.js]
[github.githubassets.com/assets/environment-5e58ee5ea857.js]
[github.githubassets.com/assets/vendors-node_modules_primer_behaviors_dist_esm_index_mjs-1b15302f2da0.js]
[github.githubassets.com/assets/vendors-node_modules_github_selector-observer_dist_index_esm_js-9ab93471824e.js]
[github.githubassets.com/assets/vendors-node_modules_github_relative-time-element_dist_index_js-15c8a75d3ef5.js]
[github.githubassets.com/assets/vendors-node_modules_github_auto-complete-element_dist_index_js-node_modules_github_catalyst_-0d7d60-a999b98ae398.js]
[github.githubassets.com/assets/vendors-node_modules_github_text-expander-element_dist_index_js-69eb26872f2d.js]
[github.githubassets.com/assets/vendors-node_modules_github_filter-input-element_dist_index_js-node_modules_github_remote-inp-665e70-6080d4c6306d.js]
[github.githubassets.com/assets/vendors-node_modules_github_markdown-toolbar-element_dist_index_js-b03ed9e33b62.js]
[github.githubassets.com/assets/vendors-node_modules_github_file-attachment-element_dist_index_js-node_modules_primer_view-co-777ce2-fc39771b9382.js]
[github.githubassets.com/assets/github-elements-8b4cb7594bb7.js]
[github.githubassets.com/assets/element-registry-f82824d720ed.js]
[github.githubassets.com/assets/vendors-node_modules_braintree_browser-detection_dist_browser-detection_js-node_modules_githu-bb80ec-4e1c4d231e25.js]
[github.githubassets.com/assets/vendors-node_modules_lit-html_lit-html_js-0bb805df324c.js]
[github.githubassets.com/assets/vendors-node_modules_github_mini-throttle_dist_index_js-node_modules_morphdom_dist_morphdom-e-c1896e-ba47f43192a8.js]
[github.githubassets.com/assets/vendors-node_modules_github_remote-form_dist_index_js-node_modules_delegated-events_dist_inde-893f9f-25a564a55564.js]
[github.githubassets.com/assets/vendors-node_modules_github_turbo_dist_turbo_es2017-esm_js-b9d3c573623e.js]
[github.githubassets.com/assets/vendors-node_modules_github_hotkey_dist_index_js-node_modules_github_hydro-analytics-client_d-dd3ec8-d75a9d9879ff.js]
[github.githubassets.com/assets/vendors-node_modules_github_quote-selection_dist_index_js-node_modules_github_session-resume_-31b9f3-49817ec80615.js]
[github.githubassets.com/assets/packages_document-metadata_document-metadata_ts-packages_failbot_failbot_ts-ca5996e44cea.js]
[github.githubassets.com/assets/packages_updatable-content_updatable-content_ts-38f5e2f7c2a7.js]
[github.githubassets.com/assets/app_assets_modules_github_behaviors_ajax-error_ts-app_assets_modules_github_behaviors_details-6493f1-48f516987b6b.js]
[github.githubassets.com/assets/app_assets_modules_github_behaviors_task-list_ts-app_assets_modules_github_throttled-input_ts-047775-c6f476084254.js]
[github.githubassets.com/assets/app_assets_modules_github_behaviors_commenting_edit_ts-app_assets_modules_github_behaviors_ht-83c235-d8c5bfe37d1d.js]
[github.githubassets.com/assets/vendors-node_modules_delegated-events_dist_index_js-node_modules_github_catalyst_lib_index_js-ef6d0f-af7473406ffd.js]
[github.githubassets.com/assets/notifications-global-54d9bcff2c38.js]
[github.githubassets.com/assets/vendors-node_modules_virtualized-list_es_index_js-node_modules_github_template-parts_lib_inde-f69fd1-d11f6dba4250.js]
[github.githubassets.com/assets/vendors-node_modules_github_remote-form_dist_index_js-node_modules_delegated-events_dist_inde-0d71a9-0f8d3e460099.js]
[github.githubassets.com/assets/app_assets_modules_github_ref-selector_ts-ac9e5838e83c.js]
[github.githubassets.com/assets/codespaces-194005f3d568.js]
[github.githubassets.com/assets/behaviors-be168016f455.js]
[github.githubassets.com/assets/vendors-node_modules_github_filter-input-element_dist_index_js-node_modules_github_remote-inp-3eebbd-27c3c9a5e9d5.js]
[github.githubassets.com/assets/vendors-node_modules_github_mini-throttle_dist_decorators_js-node_modules_delegated-events_di-e161aa-b6027876f4ac.js]
[github.githubassets.com/assets/vendors-node_modules_github_file-attachment-element_dist_index_js-node_modules_github_remote--abdaf7-3c17801dfcb5.js]
[github.githubassets.com/assets/repositories-d0d4fc51ced6.js]
[github.githubassets.com/assets/vendors-node_modules_github_mini-throttle_dist_index_js-node_modules_github_catalyst_lib_inde-96937f-55dff362c2cc.js]
[github.githubassets.com/assets/code-menu-79e3f1125b29.js]
[github.githubassets.com/assets/primer-react-dcabe9866f25.js]
[github.githubassets.com/assets/react-core-6e95c9f14659.js]
[github.githubassets.com/assets/react-lib-15cc174d9050.js]
[github.githubassets.com/assets/octicons-react-dfcd3f5e8531.js]
[github.githubassets.com/assets/vendors-node_modules_emotion_is-prop-valid_dist_emotion-is-prop-valid_esm_js-node_modules_emo-825c28-671ba6d91712.js]
[github.githubassets.com/assets/vendors-node_modules_github_mini-throttle_dist_index_js-node_modules_github_hydro-analytics-c-c228f9-ee0085693179.js]
[github.githubassets.com/assets/vendors-node_modules_tanstack_query-core_build_modern_mutation_js-node_modules_tanstack_query-9bf7e4-aae5b6d19426.js]
[github.githubassets.com/assets/vendors-node_modules_swc_helpers_esm__class_private_method_get_js-node_modules_swc_helpers_es-d6b1a6-670f1fbb1e13.js]
[github.githubassets.com/assets/packages_notifications-subscriptions-menu_entry_ts-packages_promise-with-resolvers-polyfill_p-15cb60-52e041329aa5.js]
[github.githubassets.com/assets/notifications-subscriptions-menu-6a3e85ea286e.js]
[github.githubassets.com/assets/primer-react.2ed7297523f7a189873b.module.css]
[github.githubassets.com/assets/notifications-subscriptions-menu.bab8822ac328fb95c70d.module.css]
[github.com/fluidicon.png]
[github.githubassets.com/favicons/favicon.png]
[github.githubassets.com/assets/keyboard-shortcuts-dialog.2de9c7d6456a311fce49.module.css]
[github.githubassets.com/assets/vendors-node_modules_github_remote-form_dist_index_js-node_modules_delegated-events_dist_inde-94fd67-0b6bd345de5a.js]
[github.githubassets.com/assets/vendors-node_modules_gsap_index_js-1399719d10c8.js]
[github.githubassets.com/assets/sessions-f691799f782d.js]
[github.githubassets.com/assets/appearance-settings.6c63a6de228d6520804d.module.css]
[github.com/lvyztr/WebAppH/stargazers.html]
[github.com/lvyztr/WebAppH/forks.html]
[github.com/lvyztr/WebAppH/branches.html]
[github.com/lvyztr/WebAppH/tags.html]
[github.com/lvyztr/WebAppH/activity.html]
[github.com/lvyztr/WebAppH/issues.html]
[github.com/lvyztr/WebAppH/pulls.html]
[github.com/lvyztr/WebAppH/actions.html]
[github.com/lvyztr/WebAppH/projects4494.html]
[github.com/lvyztr/WebAppH/security.html]
[github.com/lvyztr/WebAppH/security/overall-count.5c.delayed]
[github.com/lvyztr/WebAppH/pulse.html]
[github.githubassets.com/assets/app_assets_modules_react-partials_repos-overview_components_OverviewContent_module_css-app_as-2f8a17.163b1668fe15f05c225e.module.css]
[github.com/lvyztr/WebAppH/tree/master/.github/workflows.html]
[github.com/lvyztr/WebAppH/commits/master/index.html]
[github.com/lvyztr/WebAppH/tree/master/WebAppH.html]
[github.com/lvyztr/WebAppH/blob/master/.html]
[github.com/lvyztr/WebAppH/blob/master/-2.html]
[github.com/lvyztr/WebAppH/blob/master/README.html]
[github.com/lvyztr/WebAppH/blob/master/WebAppH.html]
[github.com/lvyztr/WebAppH/watchers.html]
[github.com/lvyztr/WebAppH/releases.html]
[github.com/lvyztr/WebAppH.html]
[github.githubassets.com/assets/light-8e973f836952.css]
[github.githubassets.com/assets/light_high_contrast-34b642d57214.css]
[github.githubassets.com/assets/dark-4bce7af39e21.css]
[github.githubassets.com/assets/dark_high_contrast-ad512d3e2f3b.css]
[github.githubassets.com/assets/light_colorblind-54be93e666a7.css]
[github.githubassets.com/assets/light_colorblind_high_contrast-8ae7edf5489c.css]
[github.githubassets.com/assets/light_tritanopia-84d50df427c0.css]
[github.githubassets.com/assets/light_tritanopia_high_contrast-a80873375146.css]
[github.githubassets.com/assets/dark_colorblind-d152d6cd6879.css]
[github.githubassets.com/assets/dark_colorblind_high_contrast-fa4060c1a9da.css]
[github.githubassets.com/assets/dark_tritanopia-d7bad0fb00bb.css]
[github.githubassets.com/assets/dark_tritanopia_high_contrast-4a0107c0f60c.css]
[github.githubassets.com/assets/dark_dimmed-045e6b6ac094.css]
[github.githubassets.com/assets/dark_dimmed_high_contrast-5de537db5e79.css]
[github.githubassets.com/assets/primer-primitives-15839d47b75d.css]
[github.githubassets.com/assets/primer-a5c85403da8c.css]
[github.githubassets.com/images/spinners/octocat-spinner-16px-EAF2F5.gif]
[github.githubassets.com/images/spinners/octocat-spinner-32-EAF2F5.gif]
[github.githubassets.com/images/modules/pagehead/background-yellowhatch-v3.png]
[github.githubassets.com/images/spinners/octocat-spinner-16px.gif]
[github.githubassets.com/assets/images/modules/signup/icons/alert-fill-12.svg]
[github.githubassets.com/images/spinners/octocat-spinner-32.gif]
[github.githubassets.com/assets/global-abde950b7df1.css]
[github.githubassets.com/images/spinners/octocat-spinner-64.gif]
[github.githubassets.com/images/modules/dashboard/promos/spark-public-preview-nudge/background-v1-dark.png]
[github.githubassets.com/images/modules/dashboard/promos/spark-public-preview-nudge/background-v1-light.png]
[github.githubassets.com/images/modules/dashboard/promos/spark-public-preview-nudge/background-v2-dark.png]
[github.githubassets.com/images/modules/dashboard/promos/spark-public-preview-nudge/background-v2-light.png]
[github.githubassets.com/images/modules/commit/trans_bg.gif]
[github.githubassets.com/images/spinners/octocat-spinner-128.gif]
[github.githubassets.com/images/secret-scanning/scan-secret-leaks-banner-dark.png]
[github.githubassets.com/images/secret-scanning/scan-secret-leaks-banner-dark-dimmed.png]
[github.githubassets.com/images/secret-scanning/scan-secret-leaks-banner-dark-hc.png]
[github.githubassets.com/images/secret-scanning/scan-secret-leaks-banner-light.png]
[github.githubassets.com/images/secret-scanning/scan-secret-leaks-banner-light-hc.png]
[github.githubassets.com/images/modules/org_overview/promos/org_overview_roadmap_webinar_2025_q3_pre_event/background-dark.png]
[github.githubassets.com/images/modules/org_overview/promos/org_overview_roadmap_webinar_2025_q3_pre_event/background-light.jpg]
[github.githubassets.com/images/modules/memexes/projects-beta-banner-mobile.png]
[github.githubassets.com/images/modules/memexes/projects-beta-banner.png]
[github.githubassets.com/images/modules/memexes/projects-beta-banner-dark.png]
[github.githubassets.com/images/modules/site/sponsors/heart-explosion.png]
[github.githubassets.com/assets/github-490b3f68bf33.css]
[github.githubassets.com/images/modules/dependency-graph/ds-actions-prompt-banner-mobile.png]
[github.githubassets.com/images/modules/dependency-graph/ds-actions-prompt-banner.png]
[github.githubassets.com/images/modules/dependency-graph/ds-actions-prompt-banner-mobile-dark.png]
[github.githubassets.com/images/modules/dependency-graph/ds-actions-prompt-banner-dark.png]
[github.githubassets.com/assets/repository-5d735668c600.css]
[github.githubassets.com/assets/code-9c9b8dc61e74.css]
[github.githubassets.com/assets/primer-react.2ed7297523f7a189873b.module.css]
[github.githubassets.com/assets/notifications-subscriptions-menu.bab8822ac328fb95c70d.module.css]
[github.githubassets.com/assets/keyboard-shortcuts-dialog.2de9c7d6456a311fce49.module.css]
[github.githubassets.com/assets/appearance-settings.6c63a6de228d6520804d.module.css]
[github.com/lvyztr/WebAppH/stargazers.html]
[github.githubassets.com/assets/insights-388cd09d03ad.css]
[github.githubassets.com/assets/forks-296198012d3a.js]
[github.com/lvyztr/WebAppH/graphs/contributors.html]
[github.com/lvyztr/WebAppH/community.html]
[github.com/lvyztr/WebAppH/graphs/commit-activity.html]
[github.com/lvyztr/WebAppH/graphs/code-frequency.html]
[github.com/lvyztr/WebAppH/network/dependencies.html]
[github.com/lvyztr/WebAppH/network.html]
[github.com/lvyztr/WebAppH/forks.html]
[github.com/lvyztr/WebAppH/network/members.html]
[github.githubassets.com/assets/vendors-node_modules_dompurify_dist_purify_es_mjs-12a4d18af39e.js]
[github.githubassets.com/assets/vendors-node_modules_tanstack_react-virtual_dist_esm_index_js-c95233575fa5.js]
[github.githubassets.com/assets/vendors-node_modules_primer_styled-react_dist_deprecated_js-node_modules_swc_helpers_esm__def-3af0240-a22749f75355.js]
[github.githubassets.com/assets/packages_paths_index_ts-7d3b92011126.js]
[github.githubassets.com/assets/packages_history_history_ts-packages_promise-with-resolvers-polyfill_promise-with-resolvers-p-2cdd04-a13a722d5075.js]
[github.githubassets.com/assets/packages_ref-selector_RefSelector_tsx-f5e0fe1ec458.js]
[github.githubassets.com/assets/packages_use-client-value_use-client-value_ts-packages_create-branch-button_CreateBranchButton_tsx-4293b66d3b18.js]
[github.githubassets.com/assets/repos-branches-c0f9e5145f98.js]
[github.githubassets.com/assets/repos-branches.2fb45b432aefd31081c9.module.css]
[github.com/lvyztr/WebAppH/branches/active.html]
[github.com/lvyztr/WebAppH/branches/stale.html]
[github.com/lvyztr/WebAppH/branches/all.html]
[github.com/lvyztr/WebAppH/branches.html]
[github.com/lvyztr/WebAppH/tree/lvyztr-patch-1.html]
[github.githubassets.com/assets/releases-ffb4ed293a8a.css]
[github.com/lvyztr/WebAppH/tags.html]
[github.githubassets.com/assets/vendors-node_modules_github_catalyst_lib_index_js-node_modules_swc_helpers_esm__class_static_-71393d0-3559bc8b4d6a.js]
[github.githubassets.com/assets/vendors-node_modules_github_hydro-analytics-client_dist_analytics-client_js-node_modules_gith-4b55b10-2ccc7ca81d51.js]
[github.githubassets.com/assets/packages_app-uuid_app-uuid_ts-packages_use-analytics_use-analytics_ts-packages_use-verified-f-cfe30f-5a9ace19b119.js]
[github.githubassets.com/assets/packages_use-client-value_use-client-value_ts-app_assets_modules_activity_pages_ActivityIndex_tsx-1c53280e090d.js]
[github.githubassets.com/assets/activity-fe3c4547cbf0.js]
[github.githubassets.com/assets/activity.3717a3277bbd99208e20.module.css]
[github.com/lvyztr/WebAppH/activity.html]
[github.githubassets.com/assets/vendors-node_modules_tanstack_query-core_build_modern_queryObserver_js-node_modules_tanstack_-defd52-11d852a5a988.js]
[github.githubassets.com/assets/structured-issues-c221f241cb5b.js]
[github.githubassets.com/assets/vendors-node_modules_date-fns_format_mjs-59a4ed7550f2.js]
[github.githubassets.com/assets/vendors-node_modules_date-fns_addWeeks_mjs-node_modules_date-fns_addYears_mjs-node_modules_da-827f4f-b257a67a95a1.js]
[github.githubassets.com/assets/vendors-node_modules_lodash-es__Stack_js-node_modules_lodash-es__Uint8Array_js-node_modules_l-4faaa6-21ea919d8246.js]
[github.githubassets.com/assets/vendors-node_modules_github_hotkey_dist_index_js-node_modules_date-fns_getDaysInMonth_mjs-nod-70c11b-cd59117ba2e2.js]
[github.githubassets.com/assets/vendors-node_modules_dnd-kit_modifiers_dist_modifiers_esm_js-node_modules_dnd-kit_sortable_di-5ada6e-d699610fd0b4.js]
[github.githubassets.com/assets/vendors-node_modules_github_hydro-analytics-client_dist_analytics-client_js-node_modules_gith-c7919d-57f15183f5cb.js]
[github.githubassets.com/assets/vendors-node_modules_lodash-es_cloneDeep_js-fae9b6f46b90.js]
[github.githubassets.com/assets/vendors-node_modules_comma-separated-tokens_index_js-node_modules_mdast-util-from-markdown_li-6db53e-0587fc59d1c2.js]
[github.githubassets.com/assets/vendors-node_modules_tanstack_react-query_build_modern_useQuery_js-node_modules_diff_lib_index_mjs-de9af6031975.js]
[github.githubassets.com/assets/vendors-node_modules_hastscript_lib_index_js-node_modules_mdast-util-gfm_lib_index_js-node_mo-2895d2-4595bd500443.js]
[github.githubassets.com/assets/vendors-node_modules_github_mini-throttle_dist_decorators_js-node_modules_accname_dist_access-ce77c7-46250e72df93.js]
[github.githubassets.com/assets/vendors-node_modules_react-relay_index_js-a308d7b32591.js]
[github.githubassets.com/assets/vendors-node_modules_codemirror_commands_dist_index_js-66aa5a12957e.js]
[github.githubassets.com/assets/vendors-node_modules_codemirror_language_dist_index_js-8e8cb0b42210.js]
[github.githubassets.com/assets/vendors-node_modules_marked_lib_marked_esm_js-552684d51b94.js]
[github.githubassets.com/assets/vendors-node_modules_github_g-emoji-element_dist_index_js-node_modules_github_paste-markdown_-de5cfd-80a655731b4f.js]
[github.githubassets.com/assets/vendors-node_modules_github_quote-selection_dist_index_js-node_modules_fzy_js_index_js-node_m-4d7fd2-811dc68bfc0b.js]
[github.githubassets.com/assets/packages_ui-commands_ui-commands_ts-66cf69b072ba.js]
[github.githubassets.com/assets/packages_date-picker_components_DatePicker_tsx-88b62379f61f.js]
[github.githubassets.com/assets/packages_drag-and-drop_drag-and-drop_ts-3790ba5bee9c.js]
[github.githubassets.com/assets/packages_copilot-chat_utils_copilot-chat-helpers_ts-packages_verified-fetch_verified-fetch_ts-25130ed811e1.js]
[github.githubassets.com/assets/packages_hydro-analytics_hydro-analytics_ts-packages_list-view_src_ListItem_ListItem_tsx-pack-2b6def-5ebda4a41a45.js]
[github.githubassets.com/assets/packages_filter_utils_index_ts-packages_fuzzy-score_fuzzy-score_ts-packages_use-analytics_use-554964-7bdfa9c1d898.js]
[github.githubassets.com/assets/packages_filter_Filter_tsx-f0e1ac7a60ff.js]
[github.githubassets.com/assets/packages_filter_providers_index_ts-1954255b2dee.js]
[github.githubassets.com/assets/packages_copilot-chat_components_tracing_TraceProvider_tsx-d1b31bb31658.js]
[github.githubassets.com/assets/packages_relay-environment_relay-environment_ts-0ce9724e2995.js]
[github.githubassets.com/assets/packages_copilot-chat_utils_CopilotChatContext_tsx-b3093b0acea9.js]
[github.githubassets.com/assets/packages_item-picker_components_RepositoryPicker_tsx-317c2969d61c.js]
[github.githubassets.com/assets/packages_history_history_ts-packages_soft-nav_state_ts-packages_copilot-chat_components_repo--fba696-00e6f1df4fa7.js]
[github.githubassets.com/assets/packages_use-client-value_use-client-value_ts-packages_agent-sessions_components_copilot-assi-509577-1d9d149683f3.js]
[github.githubassets.com/assets/packages_signed-commit-badge_index_ts-cd0b5874f509.js]
[github.githubassets.com/assets/packages_commenting_hooks_use-markdown-body_ts-packages_commenting_utils_blocked-commenting-r-21549c-adf7107cbcab.js]
[github.githubassets.com/assets/packages_nested-list-view_src_NestedListItem_LeadingContent_tsx-packages_nested-list-view_src-1f776c-0efb982a011c.js]
[github.githubassets.com/assets/packages_markdown-viewer_NewMarkdownViewer_tsx-9330c9bb5106.js]
[github.githubassets.com/assets/issues-react-4b180f66ad09.js]
[github.githubassets.com/assets/packages_comment-box_api_file-upload_ts-packages_comment-box_api_preview_ts-packages_markdown-dc5e40-e476f16ddc72.js]
[github.githubassets.com/assets/packages_issue-viewer_components_IssueViewer_tsx-packages_issue-viewer_contexts_IssueViewerCo-f66842-e26f4df12969.js]
[github.githubassets.com/assets/packages_app-uuid_app-uuid_ts-packages_commenting_constants_values_ts-packages_document-metad-c73608-3588703b7f1a.js]
[github.githubassets.com/assets/packages_comment-box_api_file-upload_ts-packages_comment-box_api_preview_ts-packages_markdown-dc5e40.c5d375db41d0beee3684.module.css]
[github.githubassets.com/assets/packages_issue-viewer_components_IssueViewer_tsx-packages_issue-viewer_contexts_IssueViewerCo-f66842.58792f0b0afffd7d2b5a.module.css]
[github.githubassets.com/assets/packages_app-uuid_app-uuid_ts-packages_commenting_constants_values_ts-packages_document-metad-c73608.71bfb596326d3891df6c.module.css]
[github.githubassets.com/assets/issues-react.8525f1942ff4372c25fe.module.css]
[github.com/lvyztr/WebAppH/labels.html]
[github.com/lvyztr/WebAppH/issues.html]
[github.com/lvyztr/WebAppH/milestones.html]
[github.githubassets.com/assets/pull-requests-ddfae366c3c6.css]
[github.githubassets.com/assets/vendors-node_modules_github_remote-form_dist_index_js-node_modules_github_details-dialog-elem-308dee-afef8c62680b.js]
[github.githubassets.com/assets/vendors-node_modules_scroll-anchoring_dist_scroll-anchoring_esm_js-node_modules_github_cataly-a3e09c-88450e91a12d.js]
[github.githubassets.com/assets/app_assets_modules_github_diffs_blob-lines_ts-app_assets_modules_github_diffs_linkable-line-n-db17fa-9a3fe7f3080d.js]
[github.githubassets.com/assets/diffs-8d3f96d9ef77.js]
[github.githubassets.com/assets/vendors-node_modules_github_mini-throttle_dist_index_js-node_modules_delegated-events_dist_in-057052-f93263fe198d.js]
[github.githubassets.com/assets/pull-requests-list-48080f515b54.js]
[github.com/lvyztr/WebAppH/compare.html]
[github.com/lvyztr/WebAppH/pullse309.html]
[github.com/lvyztr/WebAppH/pulls762f.html]
[github.com/lvyztr/WebAppH/issues/show_menu_content9fbe.html]
[github.com/lvyztr/WebAppH/issues/show_menu_contentd700.html]
[github.com/lvyztr/WebAppH/issues/show_menu_content400a.html]
[github.com/lvyztr/WebAppH/issues/show_menu_content3a10.html]
[github.com/lvyztr/WebAppH/pullse65e.html]
[github.com/lvyztr/WebAppH/pulls60b1.html]
[github.com/lvyztr/WebAppH/pulls69ac.html]
[github.com/lvyztr/WebAppH/pullsab34.html]
[github.com/lvyztr/WebAppH/issues/show_menu_content2a1b.html]
[github.com/lvyztr/WebAppH/pulls9486.html]
[github.com/lvyztr/WebAppH/pulls41bb.html]
[github.com/lvyztr/WebAppH/pullseff9.html]
[github.com/lvyztr/WebAppH/pulls.html]
[github.com/lvyztr/WebAppH/issues3a0a.html]
[github.githubassets.com/assets/actions-8105200ee4e6.css]
[github.githubassets.com/assets/vendors-node_modules_github_catalyst_lib_index_js-node_modules_swc_helpers_esm__class_private-cfd42f-a542d0f6b847.js]
[github.githubassets.com/assets/actions-8c8324108143.js]
[github.com/lvyztr/WebAppH/actions/workflows/jekyll.html]
[github.com/lvyztr/WebAppH/actions/workflows_partial0f15.html]
[github.com/lvyztr/WebAppH/actions/caches.fa.delayed]
[github.com/lvyztr/WebAppH/actions/events4540.html]
[github.com/lvyztr/WebAppH/actions/statuses4540.html]
[github.com/lvyztr/WebAppH/actions/branches4540.html]
[github.com/lvyztr/WebAppH/actions/actors4540.html]
[github.com/lvyztr/WebAppH/actions/runs/19326635191.html]
[github.com/lvyztr/WebAppH/commit/5b495d9b48fd037aaf10d0de2da74279db092b0b.html]
[github.com/lvyztr/WebAppH/tree/refs/heads/master.html]
[github.com/lvyztr/WebAppH/actions.html]
[github.com/lvyztr/WebAppH/actions/runs/19326635191/workflow.html]
[github.githubassets.com/assets/memex-index-c0a77e511a43.js]
[github.githubassets.com/assets/projects-splash-dialog-5cbc8c7c5fc0.js]
[github.com/lvyztr/WebAppH/projects4494.html]
[github.com/lvyztr/WebAppH/security.html]
[github.com/lvyztr/WebAppH/security/overall-count.html]
[github.githubassets.com/assets/projects-34e6f6002077.css]
[github.githubassets.com/assets/vendors-node_modules_github_catalyst_lib_index_js-node_modules_swc_helpers_esm__class_static_-a858a00-4e71f99f40fe.js]
[github.githubassets.com/assets/vendors-node_modules_highcharts-react-official_dist_highcharts-react_min_js-node_modules_high-7e7fe4-f12746701177.js]
[github.githubassets.com/assets/packages_chart-card_ChartCard_tsx-1473b61b2d40.js]
[github.githubassets.com/assets/repos-pulse-d9e62a53c2a2.js]
[github.com/lvyztr/WebAppH/pulse.html]
[github.githubassets.com/assets/app_assets_modules_react-partials_repos-overview_components_OverviewContent_module_css-app_as-2f8a17.163b1668fe15f05c225e.module.css]
[github.githubassets.com/assets/repos-pulse.588037b3fae5616d8171.module.css]
[github.githubassets.com/assets/vendors-node_modules_remark-parse_lib_index_js-node_modules_unified_lib_index_js-6982f15de8cd.js]
[github.githubassets.com/assets/vendors-node_modules_github_quote-selection_dist_index_js-node_modules_fzy_js_index_js-node_m-f33566-877220e9ded4.js]
[github.githubassets.com/assets/vendors-node_modules_lowlight_lib_all_js-node_modules_react-markdown_lib_index_js-node_module-5ac2ea-960a087f0f0f.js]
[github.githubassets.com/assets/vendors-node_modules_github_catalyst_lib_index_js-node_modules_swc_helpers_esm__class_static_-9e0ed5-f85aa239658a.js]
[github.githubassets.com/assets/packages_copilot-chat_utils_language-info_ts-packages_copy-to-clipboard_CopyToClipboardButton_tsx-70d1205b1532.js]
[github.githubassets.com/assets/packages_copilot-markdown_MarkdownRenderer_tsx-02012af32d83.js]
[github.githubassets.com/assets/packages_diff-file-header_diff-file-header_ts-packages_diff-file-tree_diff-file-tree-helpers_-b49245-6d8b28f5e965.js]
[github.githubassets.com/assets/packages_copilot-chat_components_CopilotIconAnimation_tsx-8ba95e84007c.js]
[github.githubassets.com/assets/packages_commits_shared_use-update-user-tree-preference_ts-packages_use-hide-footer_use-hide--80c91a-039d0fd77359.js]
[github.githubassets.com/assets/packages_commit-attribution_index_ts-packages_commit-checks-status_index_ts-packages_current--18e2dc-e1c90a31ac89.js]
[github.githubassets.com/assets/commits.3c9bfec503835ca324f7.module.css]
[github.githubassets.com/assets/commits-4de7d387018e.js]
[github.com/lvyztr/WebAppH/commits8f19.html]
[github.com/lvyztr/WebAppH/tree/5b495d9b48fd037aaf10d0de2da74279db092b0b.html]
[github.com/lvyztr/WebAppH/commit/f218f09937cdeebfefe18dd04533d20a4436f134.html]
[github.com/lvyztr/WebAppH/tree/f218f09937cdeebfefe18dd04533d20a4436f134.html]
[github.githubassets.com/images/gravatars/gravatar-user-4200eb6.png]
[github.com/lvyztr/WebAppH/commit/ebd616d3f03a9b1189beea322f828ca44f1b8921.html]
[github.com/lvyztr/WebAppH/tree/ebd616d3f03a9b1189beea322f828ca44f1b8921.html]
[github.com/lvyztr/WebAppH/commit/534984ef4d1328cf003b928349d6d02b73efef87.html]
[github.com/lvyztr/WebAppH/tree/534984ef4d1328cf003b928349d6d02b73efef87.html]
[github.com/lvyztr/WebAppH/commit/d25dac1e75b099e61b50faa35d7d2dac37c8f864.html]
[github.com/lvyztr/WebAppH/commits/master/index.html]
[github.com/lvyztr/WebAppH/tree/d25dac1e75b099e61b50faa35d7d2dac37c8f864.html]
[github.githubassets.com/assets/vendors-node_modules_github_mini-throttle_dist_decorators_js-node_modules_fzy_js_index_js-nod-0e8440-2c5b2d360f01.js]
[github.githubassets.com/assets/packages_diffs_diff-parts_ts-e460b02d9716.js]
[github.githubassets.com/assets/packages_copilot-chat_utils_copilot-chat-events_ts-packages_copilot-chat_utils_copilot-local--b6b4c2-d643edd8fe4f.js]
[github.githubassets.com/assets/packages_code-view-shared_hooks_use-canonical-object_ts-packages_code-view-shared_hooks_use-f-11e2e7-b5b3cde11427.js]
[github.githubassets.com/assets/packages_app-uuid_app-uuid_ts-packages_repos-file-tree-view_repos-file-tree-view_ts-3e2cf15dbf1f.js]
[github.githubassets.com/assets/app_assets_modules_react-code-view_utilities_lines_ts-56c91d3ae68c.js]
[github.githubassets.com/assets/react-code-view.ac30f17fe1d7554bba41.module.css]
[github.com/lvyztr/WebAppH/tree/master/.github/workflows.html]
[github.githubassets.com/assets/react-code-view-a5219466116c.js]
[github.com/lvyztr/WebAppH/tree/master/WebAppH.html]
[github.com/lvyztr/WebAppH/blob/master/.html]
[github.com/lvyztr/WebAppH/blob/master/TestResult.12b.delayed]
[github.com/lvyztr/WebAppH/blob/master/[Dd]ebugPublic/index.html]
[github.com/lvyztr/WebAppH/blob/master/[Rr]elease/index.html]
[github.com/lvyztr/WebAppH/blob/master/[Dd]ebug/index.html]
[github.com/lvyztr/WebAppH/blob/master/[Rr]eleases/index.html]
[github.com/lvyztr/WebAppH/blob/master/[Xx]64/index.html]
[github.com/lvyztr/WebAppH/blob/master/dlldata.12c.delayed]
[github.com/lvyztr/WebAppH/blob/master/[Xx]86/index.html]
[github.com/lvyztr/WebAppH/blob/master/[Bb]uild/index.html]
[github.com/lvyztr/WebAppH/blob/master/[Bb]in/index.html]
[github.com/lvyztr/WebAppH/blob/master/bld/index.html]
[github.com/lvyztr/WebAppH/blob/master/[Oo]bj/index.html]
[github.com/lvyztr/WebAppH/blob/master/ModelManifest.12d.delayed]
[github.com/lvyztr/WebAppH/blob/master/-2.html]
[github.com/lvyztr/WebAppH/blob/master/ipch/index.html]
[github.com/lvyztr/WebAppH/blob/master/[Dd]ebugPS/index.html]
[github.com/lvyztr/WebAppH/blob/master/[Rr]eleasePS/index.html]
[github.com/lvyztr/WebAppH/blob/master/README.html]
[github.com/lvyztr/WebAppH/blob/master/artifacts/index.html]
[github.com/lvyztr/WebAppH/blob/master/[Ee]xpress/index.html]
[github.com/lvyztr/WebAppH/blob/master/WebAppH.html]
[github.com/lvyztr/WebAppH/blob/master/AutoTest.Net/index.html]
[github.com/lvyztr/WebAppH/blob/master/$tf/index.html]
[github.com/lvyztr/WebAppH/blob/master/DocProject/buildhelp/index.html]
[github.com/lvyztr/WebAppH/hovercards/citation/sidebar_partialb78b.html]
[github.com/lvyztr/WebAppH/blob/master/publish/index.html]
[github.com/lvyztr/WebAppH/watchers.html]
[github.com/lvyztr/WebAppH/blob/master/ecf/index.html]
[github.com/lvyztr/WebAppH/blob/master/csx/index.html]
[github.com/lvyztr/WebAppH/blob/master/rcf/index.html]
[github.com/lvyztr/WebAppH/blob/master/AppPackages/index.html]
[github.com/lvyztr/WebAppH/blob/master/BundleArtifacts/index.html]
[github.com/lvyztr/WebAppH/blob/master/ClientBin/index.html]
[github.com/lvyztr/WebAppH/blob/master/node_modules/index.html]
[github.com/lvyztr/WebAppH/releases.atom]
[github.com/lvyztr/WebAppH/blob/master/Generated_Code/index.html]
[github.com/lvyztr/WebAppH/blob/master/_UpgradeReport_Files/index.html]
[github.com/lvyztr/WebAppH/blob/master/GeneratedArtifacts/index.html]
[github.com/lvyztr/WebAppH/blob/master/FakesAssemblies/index.html]
[github.com/lvyztr/WebAppH/tags.atom]
[github.com/lvyztr/WebAppH/releases.html]
[github.githubassets.com/assets/images/modules/signup/icons/alert-fill-12.html]
[github.githubassets.com/assets/insights-388cd09d03ad.css]
[github.githubassets.com/assets/repos-contributors-chart-e82c5480a805.js]
[github.githubassets.com/assets/repos-contributors-chart.ea708dec4251f0b931de.module.css]
[github.com/lvyztr/WebAppH/graphs/contributors.html]
[github.githubassets.com/assets/community-eb4230e24dcd.js]
[github.com/lvyztr/WebAppH/community.html]
[github.githubassets.com/assets/repos-commit-activity-5cc4c0766af8.js]
[github.githubassets.com/assets/repos-commit-activity.aa03542afe6d0e3b03ba.module.css]
[github.com/lvyztr/WebAppH/graphs/commit-activity.html]
[github.githubassets.com/assets/repos-code-frequency.67c06c081537c0f93c07.module.css]
[github.githubassets.com/assets/repos-code-frequency-35054370f590.js]
[github.com/lvyztr/WebAppH/graphs/code-frequency.html]
[github.com/lvyztr/WebAppH/network/dependencies.html]
[github.com/lvyztr/WebAppH/network.html]
[github.com/lvyztr/WebAppH/network/members.html]
[github.githubassets.com/assets/repos-branches.2fb45b432aefd31081c9.module.css]
[github.com/lvyztr/WebAppH/branches/active.html]
[github.com/lvyztr/WebAppH/branches/stale.html]
[github.com/lvyztr/WebAppH/branches/all.html]
[github.com/lvyztr/WebAppH/tree/lvyztr-patch-1.html]
[github.githubassets.com/assets/releases-ffb4ed293a8a.css]
[github.githubassets.com/assets/activity.3717a3277bbd99208e20.module.css]
[github.githubassets.com/assets/packages_comment-box_api_file-upload_ts-packages_comment-box_api_preview_ts-packages_markdown-dc5e40.c5d375db41d0beee3684.module.css]
[github.githubassets.com/assets/packages_issue-viewer_components_IssueViewer_tsx-packages_issue-viewer_contexts_IssueViewerCo-f66842.58792f0b0afffd7d2b5a.module.css]
[github.githubassets.com/assets/packages_app-uuid_app-uuid_ts-packages_commenting_constants_values_ts-packages_document-metad-c73608.71bfb596326d3891df6c.module.css]
[github.githubassets.com/assets/issues-react.8525f1942ff4372c25fe.module.css]
[github.com/lvyztr/WebAppH/network/dependents.html]
[github.com/lvyztr/WebAppH/issuesfcca.html]
[github.com/lvyztr/WebAppH/issues6c06.html]
[github.com/lvyztr/WebAppH/issues8bd3.html]
[github.com/lvyztr/WebAppH/issues3e49.html]
[github.com/lvyztr/WebAppH/issues2736.html]
[github.com/lvyztr/WebAppH/issuescc2d.html]
[github.com/lvyztr/WebAppH/issues81c8.html]
[github.com/lvyztr/WebAppH/issuesbac2.html]
[github.com/lvyztr/WebAppH/issuesb520.html]
[github.com/lvyztr/WebAppH/undefined.1412679.delayed]
[github.com/lvyztr/WebAppH/labels.html]
[github.com/lvyztr/WebAppH/milestones20b4.html]
[github.com/lvyztr/WebAppH/milestones.html]
[github.githubassets.com/assets/pull-requests-ddfae366c3c6.css]
[github.com/lvyztr/WebAppH/compare/repository-list4000.html]
[github.com/lvyztr/WebAppH/compare/{{ urlEncodedRefName }}...145.delayed]
[github.com/lvyztr/WebAppH/compare/repository-list8184.html]
[github.com/lvyztr/WebAppH/compare/master...147.delayed]
[github.com/lvyztr/WebAppH/compare/master..-2.html]
[github.com/lvyztr/WebAppH/compare.html]
[github.com/lvyztr/WebAppH/compare/master@{1day}...html]
[github.com/lvyztr/WebAppH/issues/show_menu_content45b0.html]
[github.com/lvyztr/WebAppH/issues/show_menu_content5ea2.html]
[github.com/lvyztr/WebAppH/issues/show_menu_content905c.html]
[github.com/lvyztr/WebAppH/issues/show_menu_contentf683.html]
[github.com/lvyztr/WebAppH/pulls5977.html]
[github.com/lvyztr/WebAppH/pullsbf57.html]
[github.com/lvyztr/WebAppH/pullsb871.html]
[github.com/lvyztr/WebAppH/pulls4b32.html]
[github.com/lvyztr/WebAppH/issues/show_menu_content178f.html]
[github.com/lvyztr/WebAppH/pulls6289.html]
[github.com/lvyztr/WebAppH/pulls971e.html]
[github.com/lvyztr/WebAppH/pulls896d.html]
[github.com/lvyztr/WebAppH/pulls27af.html]
[github.com/lvyztr/WebAppH/pulls33ac.html]
[github.com/lvyztr/WebAppH/pullse309.html]
[github.com/lvyztr/WebAppH/issues6289.html]
[github.com/lvyztr/WebAppH/issues/show_menu_content6343.html]
[github.com/lvyztr/WebAppH/issues/show_menu_content787d.html]
[github.com/lvyztr/WebAppH/issues/show_menu_contentd9d8.html]
[github.com/lvyztr/WebAppH/issues/show_menu_contentcbbc.html]
[github.com/lvyztr/WebAppH/issues/show_menu_content485e.html]
[github.com/lvyztr/WebAppH/pulls2acf.html]
[github.com/lvyztr/WebAppH/pulls619f.html]
[github.com/lvyztr/WebAppH/pullsf491.html]
[github.com/lvyztr/WebAppH/pullsfc32.html]
[github.com/lvyztr/WebAppH/pullsf01c.html]
[github.com/lvyztr/WebAppH/pulls0fd3.html]
[github.com/lvyztr/WebAppH/pullsff3d.html]
[github.com/lvyztr/WebAppH/pulls4d2c.html]
[github.com/lvyztr/WebAppH/pullsfb3c.html]
[github.com/lvyztr/WebAppH/pull/1.html]
[github.com/lvyztr/WebAppH/issues0315.html]
[github.com/lvyztr/WebAppH/pulls762f.html]
[github.com/lvyztr/WebAppH/issues56cb.html]
[github.com/lvyztr/WebAppH/issues/show_menu_content9fbe.html]
[github.com/lvyztr/WebAppH/issues/show_menu_contentd700.html]
[github.com/lvyztr/WebAppH/issues/show_menu_content400a.html]
[github.com/lvyztr/WebAppH/issues/show_menu_content3a10.html]
[github.com/lvyztr/WebAppH/issues/show_menu_contentc109.html]
[github.com/lvyztr/WebAppH/issues/show_menu_content749b.html]
[github.com/lvyztr/WebAppH/issues/show_menu_content0a7b.html]
[github.com/lvyztr/WebAppH/issues/show_menu_content4a01.html]
[github.com/lvyztr/WebAppH/issues/show_menu_content481e.html]
[github.com/lvyztr/WebAppH/pulls7b47.html]
[github.com/lvyztr/WebAppH/pullsc453.html]
[github.com/lvyztr/WebAppH/pulls7e8f.html]
[github.com/lvyztr/WebAppH/pulls5977-2.html]
[github.com/lvyztr/WebAppH/pulls2f46.html]
[github.com/lvyztr/WebAppH/pullsdc49.html]
[github.com/lvyztr/WebAppH/pulls8f1d.html]
[github.com/lvyztr/WebAppH/pullsf8f0.html]
[github.com/lvyztr/WebAppH/pulls603e.html]
[github.com/lvyztr/WebAppH/pullse65e.html]
[github.com/lvyztr/WebAppH/issuesfa01.html]
[github.com/lvyztr/WebAppH/issues/show_menu_content199b.html]
[github.com/lvyztr/WebAppH/issues/show_menu_content1766.html]
[github.com/lvyztr/WebAppH/issues/show_menu_content97a1.html]
[github.com/lvyztr/WebAppH/issues/show_menu_contente3a2.html]
[github.com/lvyztr/WebAppH/issues/show_menu_content78d7.html]
[github.com/lvyztr/WebAppH/pullsdac3.html]
[github.com/lvyztr/WebAppH/pullsc755.html]
[github.com/lvyztr/WebAppH/pullsfcb2.html]
[github.com/lvyztr/WebAppH/pulls60b1.html]
[github.com/lvyztr/WebAppH/issuesdd39.html]
[github.com/lvyztr/WebAppH/pulls235e.html]
[github.com/lvyztr/WebAppH/pullsd839.html]
[github.com/lvyztr/WebAppH/issues/show_menu_content1bc7.html]
[github.com/lvyztr/WebAppH/issues/show_menu_content679b.html]
[github.com/lvyztr/WebAppH/issues/show_menu_content0b92.html]
[github.com/lvyztr/WebAppH/issues/show_menu_content8495.html]
[github.com/lvyztr/WebAppH/issues/show_menu_content1a66.html]
[github.com/lvyztr/WebAppH/pulls32c0.html]
[github.com/lvyztr/WebAppH/pullscdff.html]
[github.com/lvyztr/WebAppH/pulls6aa8.html]
[github.com/lvyztr/WebAppH/pullsfe15.html]
[github.com/lvyztr/WebAppH/pulls69ac.html]
[github.com/lvyztr/WebAppH/issuesf413.html]
[github.com/lvyztr/WebAppH/issues/show_menu_content8aa0.html]
[github.com/lvyztr/WebAppH/issues/show_menu_contentf593.html]
[github.com/lvyztr/WebAppH/issues/show_menu_content016e.html]
[github.com/lvyztr/WebAppH/issues/show_menu_content8d0b.html]
[github.com/lvyztr/WebAppH/issues/show_menu_contentb56a.html]
[github.com/lvyztr/WebAppH/pulls4690.html]
[github.com/lvyztr/WebAppH/pulls2d03.html]
[github.com/lvyztr/WebAppH/pulls57eb.html]
[github.com/lvyztr/WebAppH/pulls5c86.html]
[github.com/lvyztr/WebAppH/pulls9eeb.html]
[github.com/lvyztr/WebAppH/pullsc23c.html]
[github.com/lvyztr/WebAppH/pulls1e9b.html]
[github.com/lvyztr/WebAppH/pulls2d96.html]
[github.com/lvyztr/WebAppH/pulls696b.html]
[github.com/lvyztr/WebAppH/pullsab34.html]
[github.com/lvyztr/WebAppH/issues4690.html]
[github.com/lvyztr/WebAppH/issues/show_menu_content2a1b.html]
[github.com/lvyztr/WebAppH/issues/show_menu_contentd342.html]
[github.com/lvyztr/WebAppH/issues/show_menu_content529e.html]
[github.com/lvyztr/WebAppH/issues/show_menu_contentaf4b.html]
[github.com/lvyztr/WebAppH/issues/show_menu_content4e49.html]
[github.com/lvyztr/WebAppH/issues/show_menu_content4aea.html]
[github.com/lvyztr/WebAppH/pulls322f.html]
[github.com/lvyztr/WebAppH/pulls4b4a.html]
[github.com/lvyztr/WebAppH/pulls0e01.html]
[github.com/lvyztr/WebAppH/pulls9e51.html]
[github.com/lvyztr/WebAppH/pulls1fbf.html]
[github.com/lvyztr/WebAppH/pullsf652.html]
[github.com/lvyztr/WebAppH/pulls377d.html]
[github.com/lvyztr/WebAppH/pullsb0a7.html]
[github.com/lvyztr/WebAppH/pulls9486.html]
[github.com/lvyztr/WebAppH/issuesddc7.html]
[github.com/lvyztr/WebAppH/pulls1130.html]
[github.com/lvyztr/WebAppH/issues/show_menu_contentf808.html]
[github.com/lvyztr/WebAppH/issues/show_menu_contentb938.html]
[github.com/lvyztr/WebAppH/issues/show_menu_content5ffe.html]
[github.com/lvyztr/WebAppH/issues/show_menu_contenteda3.html]
[github.com/lvyztr/WebAppH/issues/show_menu_contentf121.html]
[github.com/lvyztr/WebAppH/pulls41bb.html]
[github.com/lvyztr/WebAppH/issuesddf2.html]
[github.com/lvyztr/WebAppH/issues/show_menu_content9028.html]
[github.com/lvyztr/WebAppH/issues/show_menu_contentab24.html]
[github.com/lvyztr/WebAppH/issues/show_menu_content76a6.html]
[github.com/lvyztr/WebAppH/issues/show_menu_content65e5.html]
[github.com/lvyztr/WebAppH/issues/show_menu_content73c9.html]
[github.com/lvyztr/WebAppH/pullsdd6e.html]
[github.com/lvyztr/WebAppH/pullseff9.html]
[github.com/lvyztr/WebAppH/pullsa03c.html]
[github.com/lvyztr/WebAppH/pulls28ff.html]
[github.com/lvyztr/WebAppH/pulls6a93.html]
[github.com/lvyztr/WebAppH/pulls3e26.html]
[github.com/lvyztr/WebAppH/pulls5e85.html]
[github.com/lvyztr/WebAppH/pullsef5c.html]
[github.com/lvyztr/WebAppH/pulls2b8a.html]
[github.com/lvyztr/WebAppH/pullsb302.html]
[github.com/lvyztr/WebAppH/pulls58f0.html]
[github.com/lvyztr/WebAppH/pullseeb1.html]
[github.com/lvyztr/WebAppH/pullsfd7f.html]
[github.com/lvyztr/WebAppH/pullsa80b.html]
[github.com/lvyztr/WebAppH/issues3a0a.html]
[github.githubassets.com/assets/actions-8105200ee4e6.css]
[github.com/lvyztr/WebAppH/issuesd1b3.html]
[github.com/lvyztr/WebAppH/actions/workflows/jekyll.yml/badge.220.delayed]
[github.com/lvyztr/WebAppH/blob/master/.github/workflows/jekyll.html]
[github.com/lvyztr/WebAppH/actions/events225a.html]
[github.com/lvyztr/WebAppH/actions/statuses225a.html]
[github.com/lvyztr/WebAppH/actions/branches225a.html]
[github.com/lvyztr/WebAppH/actions/actors225a.html]
[github.com/lvyztr/WebAppH/actions/workflows/jekyll.html]
[github.com/lvyztr/WebAppH/actions/workflows_partial0f15.html]
[github.com/lvyztr/WebAppH/actions/caches.html]
[github.com/lvyztr/WebAppH/actions/navigation_partial84f0.html]
[github.com/lvyztr/WebAppH/actions/events4540.html]
[github.com/lvyztr/WebAppH/actions1990.html]
[github.com/lvyztr/WebAppH/actionsd621.html]
[github.com/lvyztr/WebAppH/actionsf90f.html]
[github.com/lvyztr/WebAppH/actions36bd.html]
[github.com/lvyztr/WebAppH/actionse6df.html]
[github.com/lvyztr/WebAppH/actionsb94e.html]
[github.com/lvyztr/WebAppH/actions415e.html]
[github.com/lvyztr/WebAppH/actions7922.html]
[github.com/lvyztr/WebAppH/actions9b52.html]
[github.com/lvyztr/WebAppH/actions5470.html]
[github.com/lvyztr/WebAppH/actions1ecc.html]
[github.com/lvyztr/WebAppH/actions9e1e.html]
[github.com/lvyztr/WebAppH/actions/statuses4540.html]
[github.com/lvyztr/WebAppH/actions6228.html]
[github.com/lvyztr/WebAppH/actions174d.html]
[github.com/lvyztr/WebAppH/actions/branches4540.html]
[github.com/lvyztr/WebAppH/actionsea49.html]
[github.com/lvyztr/WebAppH/actions/actors4540.html]
[github.com/lvyztr/WebAppH/actions0a0e.html]
[github.githubassets.com/assets/vendors-node_modules_delegated-events_dist_index_js-node_modules_github_catalyst_lib_index_js-17fcc7-d009407d7829.js]
[github.githubassets.com/assets/workflow-run-af9c14a5e5bc.js]
[github.com/lvyztr/WebAppH/actions/runs/19326635191/job/55279298303.html]
[github.com/lvyztr/WebAppH/actions/runs/19326635191/job/55279302850.html]
[github.com/lvyztr/WebAppH/actions/runs/19326635191.html]
[github.com/lvyztr/WebAppH/commit/5b495d9b48fd037aaf10d0de2da74279db092b0b.html]
[github.com/lvyztr/WebAppH/tree/refs/heads/master.html]
[github.com/lvyztr/WebAppH/actions/runs/19326635191/usage.html]
[github.com/lvyztr/WebAppH/blob/5b495d9b48fd037aaf10d0de2da74279db092b0b/.github/workflows/jekyll.html]
[github.com/lvyztr/WebAppH/actions/runs/19326635191/{{ revealButtonHref }}.23f.delayed]
[github.com/lvyztr/WebAppH/actions/runs/19326635191/workflow.html]
[github.githubassets.com/images/modules/memexes/migration-splash-banner.png]
[github.githubassets.com/images/modules/memexes/migration-splash-banner-dark.png]
[github.githubassets.com/assets/projects-34e6f6002077.css]
[github.githubassets.com/assets/repos-pulse.588037b3fae5616d8171.module.css]
[github.githubassets.com/assets/commits.3c9bfec503835ca324f7.module.css]
[github.com/lvyztr/WebAppH/commits8f19.html]
[github.com/lvyztr/WebAppH/tree/5b495d9b48fd037aaf10d0de2da74279db092b0b.html]
[github.com/lvyztr/WebAppH/commit/f218f09937cdeebfefe18dd04533d20a4436f134.html]
[github.com/lvyztr/WebAppH/tree/f218f09937cdeebfefe18dd04533d20a4436f134.html]
[github.com/lvyztr/WebAppH/commit/ebd616d3f03a9b1189beea322f828ca44f1b8921.html]
[github.com/lvyztr/WebAppH/tree/ebd616d3f03a9b1189beea322f828ca44f1b8921.html]
[github.com/lvyztr/WebAppH/commit/534984ef4d1328cf003b928349d6d02b73efef87.html]
[github.com/lvyztr/WebAppH/tree/534984ef4d1328cf003b928349d6d02b73efef87.html]
[github.com/lvyztr/WebAppH/commit/d25dac1e75b099e61b50faa35d7d2dac37c8f864.html]
[github.com/lvyztr/WebAppH/tree/d25dac1e75b099e61b50faa35d7d2dac37c8f864.html]
[github.githubassets.com/images/modules/dashboard/onboarding/glow-1.png]
[github.githubassets.com/assets/react-code-view.ac30f17fe1d7554bba41.module.css]
[github.com/lvyztr/WebAppH/blob/master/[Dd]ebug/index.html]
[github.com/lvyztr/WebAppH/blob/master/[Dd]ebugPublic/index.html]
[github.com/lvyztr/WebAppH/blob/master/[Rr]elease/index.html]
[github.com/lvyztr/WebAppH/blob/master/[Rr]eleases/index.html]
[github.com/lvyztr/WebAppH/blob/master/[Xx]64/index.html]
[github.com/lvyztr/WebAppH/blob/master/[Xx]86/index.html]
[github.com/lvyztr/WebAppH/blob/master/[Bb]uild/index.html]
[github.com/lvyztr/WebAppH/blob/master/bld/index.html]
[github.com/lvyztr/WebAppH/blob/master/[Bb]in/index.html]
[github.com/lvyztr/WebAppH/blob/master/[Oo]bj/index.html]
[github.com/lvyztr/WebAppH/blob/master/TestResult.html]
[github.com/lvyztr/WebAppH/blob/master/[Dd]ebugPS/index.html]
[github.com/lvyztr/WebAppH/blob/master/[Rr]eleasePS/index.html]
[github.com/lvyztr/WebAppH/blob/master/dlldata.html]
[github.com/lvyztr/WebAppH/blob/master/artifacts/index.html]
[github.com/lvyztr/WebAppH/blob/master/ipch/index.html]
[github.com/lvyztr/WebAppH/blob/master/$tf/index.html]
[github.com/lvyztr/WebAppH/blob/master/AutoTest.Net/index.html]
[github.com/lvyztr/WebAppH/blob/master/[Ee]xpress/index.html]
[github.com/lvyztr/WebAppH/blob/master/DocProject/buildhelp/index.html]
[github.com/lvyztr/WebAppH/blob/master/publish/index.html]
[github.com/lvyztr/WebAppH/blob/master/csx/index.html]
[github.com/lvyztr/WebAppH/blob/master/ecf/index.html]
[github.com/lvyztr/WebAppH/blob/master/rcf/index.html]
[github.com/lvyztr/WebAppH/blob/master/AppPackages/index.html]
[github.com/lvyztr/WebAppH/blob/master/BundleArtifacts/index.html]
[github.com/lvyztr/WebAppH/blob/master/ClientBin/index.html]
[github.com/lvyztr/WebAppH/blob/master/node_modules/index.html]
[github.com/lvyztr/WebAppH/blob/master/Generated_Code/index.html]
[github.com/lvyztr/WebAppH/blob/master/_UpgradeReport_Files/index.html]
[github.com/lvyztr/WebAppH/blob/master/FakesAssemblies/index.html]
[github.com/lvyztr/WebAppH/blob/master/GeneratedArtifacts/index.html]
[github.com/lvyztr/WebAppH/blob/master/ModelManifest.html]
[github.githubassets.com/assets/repos-contributors-chart.ea708dec4251f0b931de.module.css]
[github.githubassets.com/assets/repos-commit-activity.aa03542afe6d0e3b03ba.module.css]
[github.githubassets.com/assets/repos-code-frequency.67c06c081537c0f93c07.module.css]
[github.com/lvyztr/WebAppH/network/dependentsd78e.html]
[github.com/lvyztr/WebAppH/network/dependents.html]
[github.com/lvyztr/WebAppH/issuesfcca.html]
[github.com/lvyztr/WebAppH/issues6c06.html]
[github.com/lvyztr/WebAppH/issues8bd3.html]
[github.com/lvyztr/WebAppH/issues3e49.html]
[github.com/lvyztr/WebAppH/issues2736.html]
[github.com/lvyztr/WebAppH/issuescc2d.html]
[github.com/lvyztr/WebAppH/network/dependents086f.html]
[github.com/lvyztr/WebAppH/issues81c8.html]
[github.com/lvyztr/WebAppH/issuesbac2.html]
[github.com/lvyztr/WebAppH/issuesb520.html]
[github.com/lvyztr/WebAppH/undefined2679.html]
[github.com/lvyztr/WebAppH/milestones20b4.html]
[github.com/lvyztr/WebAppH/compare/repository-list4000.html]
[github.com/lvyztr/WebAppH/compare/{{ urlEncodedRefName }}...html]
[github.com/lvyztr/WebAppH/compare/lvyztr_WebAppH_master...html]
[github.com/lvyztr/WebAppH/compare/repository-list8184.html]
[github.com/lvyztr/WebAppH/compare/master...html]
[github.com/lvyztr/WebAppH/compare/master..-3.html]
[github.com/lvyztr/WebAppH/compare/lvyztr_5b495d9...html]
[github.com/lvyztr/WebAppH/compare/repository-liste8a9.html]
[github.com/lvyztr/WebAppH/compare/{{ urlEncodedRefName }}...24c.delayed]
[github.com/lvyztr/WebAppH/compare/repository-list4c3d.html]
[github.com/lvyztr/WebAppH/compare/lvyztr-patch-1...html]
[github.com/lvyztr/WebAppH/compare/master..-2.html]
[github.com/lvyztr/WebAppH/compare/file-listd0e5.html]
[github.com/lvyztr/WebAppH/compare/master@{1day}...master.diff]
[github.com/lvyztr/WebAppH/compare/master@{1day}...master.patch]
[github.com/lvyztr/WebAppH/compare/lvyztr_ebd616d...html]
[github.com/lvyztr/WebAppH/compare/repository-list924f.html]
[github.com/lvyztr/WebAppH/compare/repository-listbd02.html]
[github.com/lvyztr/WebAppH/compare/master@{1day}...255.delayed]
[github.com/lvyztr/WebAppH/compare/master@{1day}...html]
[github.com/lvyztr/WebAppH/issues/show_menu_content45b0.html]
[github.com/lvyztr/WebAppH/issues/show_menu_content5ea2.html]
[github.com/lvyztr/WebAppH/issues/show_menu_content905c.html]
[github.com/lvyztr/WebAppH/issues/show_menu_contentf683.html]
[github.com/lvyztr/WebAppH/compare/file-list8503.html]
[github.com/lvyztr/WebAppH/issues/show_menu_contenta33e.html]
[github.com/lvyztr/WebAppH/issues/show_menu_contentb370.html]
[github.com/lvyztr/WebAppH/issues/show_menu_content3179.html]
[github.com/lvyztr/WebAppH/issues/show_menu_content6c99.html]
[github.com/lvyztr/WebAppH/issues/show_menu_content31b2.html]
[github.com/lvyztr/WebAppH/pullsa87e.html]
[github.com/lvyztr/WebAppH/pullsdf92.html]
[github.com/lvyztr/WebAppH/pullsbc56.html]
[github.com/lvyztr/WebAppH/pullsfd8a.html]
[github.com/lvyztr/WebAppH/pulls30b7.html]
[github.com/lvyztr/WebAppH/pulls73b4.html]
[github.com/lvyztr/WebAppH/pullsc8e5.html]
[github.com/lvyztr/WebAppH/pulls737b.html]
[github.com/lvyztr/WebAppH/pullse606.html]
[github.com/lvyztr/WebAppH/pulls5977.html]
[github.com/lvyztr/WebAppH/issuesb180.html]
[github.com/lvyztr/WebAppH/issues/show_menu_content49f6.html]
[github.com/lvyztr/WebAppH/issues/show_menu_content2caa.html]
[github.com/lvyztr/WebAppH/issues/show_menu_content56b3.html]
[github.com/lvyztr/WebAppH/issues/show_menu_content0f4a.html]
[github.com/lvyztr/WebAppH/issues/show_menu_content2b9f.html]
[github.com/lvyztr/WebAppH/pulls717c.html]
[github.com/lvyztr/WebAppH/pulls2b79.html]
[github.com/lvyztr/WebAppH/pullsbf57.html]
[github.com/lvyztr/WebAppH/issuesfbc4.html]
[github.com/lvyztr/WebAppH/issues/show_menu_content0755.html]
[github.com/lvyztr/WebAppH/issues/show_menu_content2883.html]
[github.com/lvyztr/WebAppH/issues/show_menu_content8fad.html]
[github.com/lvyztr/WebAppH/issues/show_menu_contentf731.html]
[github.com/lvyztr/WebAppH/issues/show_menu_content8e60.html]
[github.com/lvyztr/WebAppH/pullsf74f.html]
[github.com/lvyztr/WebAppH/pullsee14.html]
[github.com/lvyztr/WebAppH/pullsed61.html]
[github.com/lvyztr/WebAppH/pulls029a.html]
[github.com/lvyztr/WebAppH/pulls6924.html]
[github.com/lvyztr/WebAppH/pullsadc4.html]
[github.com/lvyztr/WebAppH/pulls427c.html]
[github.com/lvyztr/WebAppH/pullsb871.html]
[github.com/lvyztr/WebAppH/issues/show_menu_content7bd0.html]
[github.com/lvyztr/WebAppH/issues/show_menu_contentbe1b.html]
[github.com/lvyztr/WebAppH/issues/show_menu_contentd95a.html]
[github.com/lvyztr/WebAppH/issues/show_menu_content01a6.html]
[github.com/lvyztr/WebAppH/issues/show_menu_content91ed.html]
[github.com/lvyztr/WebAppH/pulls1203.html]
[github.com/lvyztr/WebAppH/pulls2722.html]
[github.com/lvyztr/WebAppH/pulls881b.html]
[github.com/lvyztr/WebAppH/pullsc265.html]
[github.com/lvyztr/WebAppH/pulls31ee.html]
[github.com/lvyztr/WebAppH/pullscc99.html]
[github.com/lvyztr/WebAppH/pulls38b2.html]
[github.com/lvyztr/WebAppH/pullsa591.html]
[github.com/lvyztr/WebAppH/pulls9ccc.html]
[github.com/lvyztr/WebAppH/pulls4b32.html]
[github.com/lvyztr/WebAppH/issues/show_menu_content178f.html]
[github.com/lvyztr/WebAppH/issuesf3ae.html]
[github.com/lvyztr/WebAppH/issues/show_menu_content9361.html]
[github.com/lvyztr/WebAppH/issues/show_menu_content73d2.html]
[github.com/lvyztr/WebAppH/issues/show_menu_content306c.html]
[github.com/lvyztr/WebAppH/issues/show_menu_content751a.html]
[github.com/lvyztr/WebAppH/issues/show_menu_content56ea.html]
[github.com/lvyztr/WebAppH/pulls6289.html]
[github.com/lvyztr/WebAppH/issues4dff.html]
[github.com/lvyztr/WebAppH/issues/show_menu_contentc84a.html]
[github.com/lvyztr/WebAppH/issues/show_menu_contentc7ef.html]
[github.com/lvyztr/WebAppH/issues/show_menu_contentb412.html]
[github.com/lvyztr/WebAppH/issues/show_menu_contentfabe.html]
[github.com/lvyztr/WebAppH/pullsf5f0.html]
[github.com/lvyztr/WebAppH/pullsa27a.html]
[github.com/lvyztr/WebAppH/pulls5472.html]
[github.com/lvyztr/WebAppH/pullsaa9a.html]
[github.com/lvyztr/WebAppH/issues/show_menu_contentc437.html]
[github.com/lvyztr/WebAppH/pulls9d13.html]
[github.com/lvyztr/WebAppH/pulls971e.html]
[github.com/lvyztr/WebAppH/pulls1e86.html]
[github.com/lvyztr/WebAppH/issues/show_menu_content89c1.html]
[github.com/lvyztr/WebAppH/issues/show_menu_contentb52e.html]
[github.com/lvyztr/WebAppH/issues/show_menu_content5f48.html]
[github.com/lvyztr/WebAppH/issues/show_menu_content4337.html]
[github.com/lvyztr/WebAppH/pulls2a18.html]
[github.com/lvyztr/WebAppH/pulls3e16.html]
[github.com/lvyztr/WebAppH/pulls71a9.html]
[github.com/lvyztr/WebAppH/issues/show_menu_content6095.html]
[github.com/lvyztr/WebAppH/pulls896d.html]
[github.com/lvyztr/WebAppH/issues10a4.html]
[github.com/lvyztr/WebAppH/issues/show_menu_contentf048.html]
[github.com/lvyztr/WebAppH/issues/show_menu_contentb718.html]
[github.com/lvyztr/WebAppH/issues/show_menu_content1ccf.html]
[github.com/lvyztr/WebAppH/issues/show_menu_contente8cd.html]
[github.com/lvyztr/WebAppH/issues/show_menu_contentee2e.html]
[github.com/lvyztr/WebAppH/pulls27af.html]
[github.com/lvyztr/WebAppH/issues/show_menu_content43b0.html]
[github.com/lvyztr/WebAppH/issues/show_menu_contentbaed.html]
[github.com/lvyztr/WebAppH/issues/show_menu_content6e75.html]
[github.com/lvyztr/WebAppH/issues/show_menu_content31bb.html]
[github.com/lvyztr/WebAppH/pulls3092.html]
[github.com/lvyztr/WebAppH/pulls8c07.html]
[github.com/lvyztr/WebAppH/pulls8a22.html]
[github.com/lvyztr/WebAppH/pullsc7b7.html]
[github.com/lvyztr/WebAppH/issues/show_menu_content8164.html]
[github.com/lvyztr/WebAppH/pulls33ac.html]
[github.com/lvyztr/WebAppH/pulls7901.html]
[github.com/lvyztr/WebAppH/pullsb2a7.html]
[github.com/lvyztr/WebAppH/pullse8d4.html]
[github.com/lvyztr/WebAppH/pulls099a.html]
[github.com/lvyztr/WebAppH/pulls4201.html]
[github.com/lvyztr/WebAppH/pulls57a6.html]
[github.com/lvyztr/WebAppH/pulls2fd7.html]
[github.com/lvyztr/WebAppH/pullse771.html]
[github.com/lvyztr/WebAppH/pullscc3f.html]
[github.com/lvyztr/WebAppH/pullsc9e9.html]
[github.com/lvyztr/WebAppH/issues6289.html]
[github.com/lvyztr/WebAppH/pullsf961.html]
[github.com/lvyztr/WebAppH/pulls559e.html]
[github.com/lvyztr/WebAppH/issues/show_menu_content6343.html]
[github.com/lvyztr/WebAppH/pulls392c.html]
[github.com/lvyztr/WebAppH/pullsb627.html]
[github.com/lvyztr/WebAppH/pulls.2f25c80.delayed]
[github.com/lvyztr/WebAppH/pulls.2f3e15f.delayed]
[github.com/lvyztr/WebAppH/issues/show_menu_content787d.html]
[github.com/lvyztr/WebAppH/issues/show_menu_contentd9d8.html]
[github.com/lvyztr/WebAppH/issues/show_menu_contentcbbc.html]
[github.com/lvyztr/WebAppH/pullsc0fa.html]
[github.com/lvyztr/WebAppH/pulls2d0f.html]
[github.com/lvyztr/WebAppH/pulls26e1.html]
[github.com/lvyztr/WebAppH/pulls0be1.html]
[github.com/lvyztr/WebAppH/issues/show_menu_content485e.html]
[github.com/lvyztr/WebAppH/issues/show_menu_content4104.html]
[github.com/lvyztr/WebAppH/issues/show_menu_content5c9f.html]
[github.com/lvyztr/WebAppH/issues/show_menu_content917b.html]
[github.com/lvyztr/WebAppH/issues/show_menu_content8807.html]
[github.com/lvyztr/WebAppH/issues/show_menu_content0701.html]
[github.com/lvyztr/WebAppH/pulls251e.html]
[github.com/lvyztr/WebAppH/pulls58c8.html]
[github.com/lvyztr/WebAppH/pulls5158.html]
[github.com/lvyztr/WebAppH/pulls6cba.html]
[github.com/lvyztr/WebAppH/pulls277d.html]
[github.com/lvyztr/WebAppH/pulls6d8c.html]
[github.com/lvyztr/WebAppH/pulls8cc7.html]
[github.com/lvyztr/WebAppH/pullsd694.html]
[github.com/lvyztr/WebAppH/pulls5f5f.html]
[github.com/lvyztr/WebAppH/pulls2acf.html]
[github.com/lvyztr/WebAppH/issues5249.html]
[github.com/lvyztr/WebAppH/issues/show_menu_content15b0.html]
[github.com/lvyztr/WebAppH/issues/show_menu_content9082.html]
[github.com/lvyztr/WebAppH/issues/show_menu_content1b6e.html]
[github.com/lvyztr/WebAppH/issues/show_menu_content64a6.html]
[github.com/lvyztr/WebAppH/issues/show_menu_contentb343.html]
[github.com/lvyztr/WebAppH/pulls619f.html]
[github.com/lvyztr/WebAppH/issues1d4b.html]
[github.com/lvyztr/WebAppH/issues/show_menu_content3883.html]
[github.com/lvyztr/WebAppH/issues/show_menu_content1835.html]
[github.com/lvyztr/WebAppH/issues/show_menu_content21bb.html]
[github.com/lvyztr/WebAppH/issues/show_menu_contentb420.html]
[github.com/lvyztr/WebAppH/pulls12fc.html]
[github.com/lvyztr/WebAppH/issues/show_menu_content3b6a.html]
[github.com/lvyztr/WebAppH/pulls528e.html]
[github.com/lvyztr/WebAppH/pullsf491.html]
[github.com/lvyztr/WebAppH/issuesd975.html]
[github.com/lvyztr/WebAppH/issues/show_menu_content07d4.html]
[github.com/lvyztr/WebAppH/issues/show_menu_contente021.html]
[github.com/lvyztr/WebAppH/issues/show_menu_content6424.html]
[github.com/lvyztr/WebAppH/issues/show_menu_content9644.html]
[github.com/lvyztr/WebAppH/pullsa96b.html]
[github.com/lvyztr/WebAppH/pulls3f6f.html]
[github.com/lvyztr/WebAppH/pulls4236.html]
[github.com/lvyztr/WebAppH/pullsa72c.html]
[github.com/lvyztr/WebAppH/issues/show_menu_content5012.html]
[github.com/lvyztr/WebAppH/pullsd533.html]
[github.com/lvyztr/WebAppH/pullsfc32.html]
[github.com/lvyztr/WebAppH/issuesd7d9.html]
[github.com/lvyztr/WebAppH/issues/show_menu_content4eef.html]
[github.com/lvyztr/WebAppH/issues/show_menu_contentb8d6.html]
[github.com/lvyztr/WebAppH/issues/show_menu_content018e.html]
[github.com/lvyztr/WebAppH/issues/show_menu_content6434.html]
[github.com/lvyztr/WebAppH/pulls73ec.html]
[github.com/lvyztr/WebAppH/pullsf6ca.html]
[github.com/lvyztr/WebAppH/issues/show_menu_content15c0.html]
[github.com/lvyztr/WebAppH/pullsf01c.html]
[github.com/lvyztr/WebAppH/issues8292.html]
[github.com/lvyztr/WebAppH/issues/show_menu_contentb9af.html]
[github.com/lvyztr/WebAppH/issues/show_menu_contente3fa.html]
[github.com/lvyztr/WebAppH/issues/show_menu_content16be.html]
[github.com/lvyztr/WebAppH/issues/show_menu_content9323.html]
[github.com/lvyztr/WebAppH/pulls049a.html]
[github.com/lvyztr/WebAppH/pullsf410.html]
[github.com/lvyztr/WebAppH/pullsb993.html]
[github.com/lvyztr/WebAppH/issues/show_menu_contentaf25.html]
[github.com/lvyztr/WebAppH/pulls9468.html]
[github.com/lvyztr/WebAppH/pulls0fd3.html]
[github.com/lvyztr/WebAppH/issuesf1dd.html]
[github.com/lvyztr/WebAppH/pulls6ece.html]
[github.com/lvyztr/WebAppH/pullsc937.html]
[github.com/lvyztr/WebAppH/issues/show_menu_content444d.html]
[github.com/lvyztr/WebAppH/issues/show_menu_contenta63a.html]
[github.com/lvyztr/WebAppH/issues/show_menu_content36a2.html]
[github.com/lvyztr/WebAppH/issues/show_menu_content082b.html]
[github.com/lvyztr/WebAppH/pulls4555.html]
[github.com/lvyztr/WebAppH/pulls2541.html]
[github.com/lvyztr/WebAppH/pulls167b.html]
[github.com/lvyztr/WebAppH/issues/show_menu_contentf88a.html]
[github.com/lvyztr/WebAppH/pullsff3d.html]
[github.com/lvyztr/WebAppH/issuesed8d.html]
[github.com/lvyztr/WebAppH/issues/show_menu_content16fe.html]
[github.com/lvyztr/WebAppH/issues/show_menu_contenta261.html]
[github.com/lvyztr/WebAppH/issues/show_menu_contenta5cc.html]
[github.com/lvyztr/WebAppH/issues/show_menu_contentce2e.html]
[github.com/lvyztr/WebAppH/issues/show_menu_content66fe.html]
[github.com/lvyztr/WebAppH/pulls4d2c.html]
[github.com/lvyztr/WebAppH/pulls90f8.html]
[github.com/lvyztr/WebAppH/issues/show_menu_content0079.html]
[github.com/lvyztr/WebAppH/issues/show_menu_content4f5a.html]
[github.com/lvyztr/WebAppH/issues/show_menu_content0973.html]
[github.com/lvyztr/WebAppH/issues/show_menu_contentf124.html]
[github.com/lvyztr/WebAppH/pullse88e.html]
[github.com/lvyztr/WebAppH/pullsfb0e.html]
[github.com/lvyztr/WebAppH/pullsee88.html]
[github.com/lvyztr/WebAppH/pulls794b.html]
[github.com/lvyztr/WebAppH/issues/show_menu_content7c64.html]
[github.com/lvyztr/WebAppH/pullsfb3c.html]
[github.com/lvyztr/WebAppH/pulls4ff8.html]
[github.com/lvyztr/WebAppH/pullscc52.html]
[github.com/lvyztr/WebAppH/pulls0a3b.html]
[github.com/lvyztr/WebAppH/pullsd06f.html]
[github.com/lvyztr/WebAppH/pulls0675.html]
[github.com/lvyztr/WebAppH/pulls7f8d.html]
[github.com/lvyztr/WebAppH/pullsb399.html]
[github.githubassets.com/assets/scanning-94789508759e.js]
[github.com/lvyztr/WebAppH/pull/1.html]
[github.com/lvyztr/WebAppH/issues0315.html]
[github.com/lvyztr/WebAppH/issues56cb.html]
[github.com/lvyztr/WebAppH/pulls7a1a.html]
[github.com/lvyztr/WebAppH/pulls9860.html]
[github.com/lvyztr/WebAppH/pulls2055.html]
[github.com/lvyztr/WebAppH/pulls20df.html]
[github.com/lvyztr/WebAppH/pulls5cc1.html]
[github.com/lvyztr/WebAppH/pulls96e3.html]
[github.com/lvyztr/WebAppH/pulls043d.html]
[github.com/lvyztr/WebAppH/pullsc264.html]
[github.com/lvyztr/WebAppH/pullsd62f.html]
[github.com/lvyztr/WebAppH/pulls90c5.html]
[github.com/lvyztr/WebAppH/pulls70d3.html]
[github.com/lvyztr/WebAppH/projects/issues/projects_suggestions63e0.json]
[github.com/lvyztr/WebAppH/pulls5c60.html]
[github.com/lvyztr/WebAppH/pullsdecc.html]
[github.com/lvyztr/WebAppH/pulls9ad7.html]
[github.com/lvyztr/WebAppH/issues63bb.html]
[github.com/lvyztr/WebAppH/issues/show_menu_contentc109.html]
[github.com/lvyztr/WebAppH/pullsb054.html]
[github.com/lvyztr/WebAppH/pullse194.html]
[github.com/lvyztr/WebAppH/pulls.379a3d5.delayed]
[github.com/lvyztr/WebAppH/issues/show_menu_content749b.html]
[github.com/lvyztr/WebAppH/issues/show_menu_content0a7b.html]
[github.com/lvyztr/WebAppH/issues/show_menu_content4a01.html]
[github.com/lvyztr/WebAppH/issues/show_menu_content481e.html]
[github.com/lvyztr/WebAppH/issues/show_menu_content21b9.html]
[github.com/lvyztr/WebAppH/issues/show_menu_contente344.html]
[github.com/lvyztr/WebAppH/issues/show_menu_content78a0.html]
[github.com/lvyztr/WebAppH/issues/show_menu_content8252.html]
[github.com/lvyztr/WebAppH/issues/show_menu_contentd0f4.html]
[github.com/lvyztr/WebAppH/pullsd004.html]
[github.com/lvyztr/WebAppH/pullsbceb.html]
[github.com/lvyztr/WebAppH/pulls5372.html]
[github.com/lvyztr/WebAppH/pulls1325.html]
[github.com/lvyztr/WebAppH/pulls5068.html]
[github.com/lvyztr/WebAppH/pulls33ae.html]
[github.com/lvyztr/WebAppH/pullse216.html]
[github.com/lvyztr/WebAppH/pulls10a8.html]
[github.com/lvyztr/WebAppH/pulls9e50.html]
[github.com/lvyztr/WebAppH/pulls7b47.html]
[github.com/lvyztr/WebAppH/issues/show_menu_contentde8c.html]
[github.com/lvyztr/WebAppH/issues/show_menu_content0a45.html]
[github.com/lvyztr/WebAppH/issues/show_menu_content2ab3.html]
[github.com/lvyztr/WebAppH/issues/show_menu_contentb1a3.html]
[github.com/lvyztr/WebAppH/issues/show_menu_content0186.html]
[github.com/lvyztr/WebAppH/pullsc453.html]
[github.com/lvyztr/WebAppH/issues/show_menu_contentc2ca.html]
[github.com/lvyztr/WebAppH/issues/show_menu_content941d.html]
[github.com/lvyztr/WebAppH/issues/show_menu_contente52e.html]
[github.com/lvyztr/WebAppH/issues/show_menu_contentd59f.html]
[github.com/lvyztr/WebAppH/issues/show_menu_content91e9.html]
[github.com/lvyztr/WebAppH/pulls7e8f.html]
[github.com/lvyztr/WebAppH/pulls8052.html]
[github.com/lvyztr/WebAppH/pulls7395.html]
[github.com/lvyztr/WebAppH/issues/show_menu_content5cdd.html]
[github.com/lvyztr/WebAppH/issues/show_menu_content0967.html]
[github.com/lvyztr/WebAppH/issues/show_menu_content2c9a.html]
[github.com/lvyztr/WebAppH/issues/show_menu_content2ab8.html]
[github.com/lvyztr/WebAppH/pulls601d.html]
[github.com/lvyztr/WebAppH/pulls403b.html]
[github.com/lvyztr/WebAppH/pullscc6d.html]
[github.com/lvyztr/WebAppH/pullsd9d8.html]
[github.com/lvyztr/WebAppH/issues/show_menu_contentf331.html]
[github.com/lvyztr/WebAppH/pulls5977-2.html]
[github.com/lvyztr/WebAppH/pullsaa51.html]
[github.com/lvyztr/WebAppH/pullse824.html]
[github.com/lvyztr/WebAppH/pulls5e3d.html]
[github.com/lvyztr/WebAppH/issues/show_menu_content6bed.html]
[github.com/lvyztr/WebAppH/issues/show_menu_content6499.html]
[github.com/lvyztr/WebAppH/issues/show_menu_contentf2a4.html]
[github.com/lvyztr/WebAppH/issues/show_menu_contenta200.html]
[github.com/lvyztr/WebAppH/issues/show_menu_content4364.html]
[github.com/lvyztr/WebAppH/pulls2f46.html]
[github.com/lvyztr/WebAppH/issues2e41.html]
[github.com/lvyztr/WebAppH/issues/show_menu_contentde7d.html]
[github.com/lvyztr/WebAppH/issues/show_menu_contentf997.html]
[github.com/lvyztr/WebAppH/issues/show_menu_contentea86.html]
[github.com/lvyztr/WebAppH/issues/show_menu_content2fce.html]
[github.com/lvyztr/WebAppH/pulls178f.html]
[github.com/lvyztr/WebAppH/pulls2e74.html]
[github.com/lvyztr/WebAppH/pulls70bc.html]
[github.com/lvyztr/WebAppH/issues/show_menu_content97ac.html]
[github.com/lvyztr/WebAppH/pulls5d0f.html]
[github.com/lvyztr/WebAppH/pullsdc49.html]
[github.com/lvyztr/WebAppH/issues671c.html]
[github.com/lvyztr/WebAppH/pulls6e7e-2.html]
[github.com/lvyztr/WebAppH/pulls949f.html]
[github.com/lvyztr/WebAppH/issues/show_menu_content0a3a.html]
[github.com/lvyztr/WebAppH/issues/show_menu_contentdfbd.html]
[github.com/lvyztr/WebAppH/issues/show_menu_contente992.html]
[github.com/lvyztr/WebAppH/issues/show_menu_content74da.html]
[github.com/lvyztr/WebAppH/pulls5782.html]
[github.com/lvyztr/WebAppH/pullsf5b0.html]
[github.com/lvyztr/WebAppH/pullsf6f9.html]
[github.com/lvyztr/WebAppH/issues/show_menu_content7b4c.html]
[github.com/lvyztr/WebAppH/pulls8f1d.html]
[github.com/lvyztr/WebAppH/issues88e2.html]
[github.com/lvyztr/WebAppH/issues/show_menu_content79ff.html]
[github.com/lvyztr/WebAppH/issues/show_menu_contente4b2.html]
[github.com/lvyztr/WebAppH/issues/show_menu_content3869.html]
[github.com/lvyztr/WebAppH/issues/show_menu_content9d99.html]
[github.com/lvyztr/WebAppH/issues/show_menu_content1389.html]
[github.com/lvyztr/WebAppH/pullsf8f0.html]
[github.com/lvyztr/WebAppH/issuesdbb8.html]
[github.com/lvyztr/WebAppH/pulls95a8.html]
[github.com/lvyztr/WebAppH/pulls13c2.html]
[github.com/lvyztr/WebAppH/issues/show_menu_content1baa.html]
[github.com/lvyztr/WebAppH/issues/show_menu_contentc92d.html]
[github.com/lvyztr/WebAppH/issues/show_menu_content71b3.html]
[github.com/lvyztr/WebAppH/issues/show_menu_content5fd2.html]
[github.com/lvyztr/WebAppH/pulls6220.html]
[github.com/lvyztr/WebAppH/pulls573d.html]
[github.com/lvyztr/WebAppH/pullsc7a8.html]
[github.com/lvyztr/WebAppH/pulls5742.html]
[github.com/lvyztr/WebAppH/issues/show_menu_contenta7a3.html]
[github.com/lvyztr/WebAppH/pulls5cde.html]
[github.com/lvyztr/WebAppH/pulls603e.html]
[github.com/lvyztr/WebAppH/pulls926f.html]
[github.com/lvyztr/WebAppH/pullsfb4c.html]
[github.com/lvyztr/WebAppH/pulls85d1.html]
[github.com/lvyztr/WebAppH/pulls8ac2.html]
[github.com/lvyztr/WebAppH/pullscdcc.html]
[github.com/lvyztr/WebAppH/pulls69e9.html]
[github.com/lvyztr/WebAppH/issuesfa01.html]
[github.com/lvyztr/WebAppH/pulls59a2.html]
[github.com/lvyztr/WebAppH/pulls7e89.html]
[github.com/lvyztr/WebAppH/issues5916.html]
[github.com/lvyztr/WebAppH/issues/show_menu_content199b.html]
[github.com/lvyztr/WebAppH/pulls5e20.html]
[github.com/lvyztr/WebAppH/pulls17df.html]
[github.com/lvyztr/WebAppH/issues/show_menu_content1766.html]
[github.com/lvyztr/WebAppH/issues/show_menu_content97a1.html]
[github.com/lvyztr/WebAppH/issues/show_menu_contente3a2.html]
[github.com/lvyztr/WebAppH/issues/show_menu_content78d7.html]
[github.com/lvyztr/WebAppH/pulls79f1.html]
[github.com/lvyztr/WebAppH/pullsddeb.html]
[github.com/lvyztr/WebAppH/pullsdfcb.html]
[github.com/lvyztr/WebAppH/pulls023c.html]
[github.com/lvyztr/WebAppH/pulls406b.html]
[github.com/lvyztr/WebAppH/pulls31d0.html]
[github.com/lvyztr/WebAppH/pullse406.html]
[github.com/lvyztr/WebAppH/pulls04c5.html]
[github.com/lvyztr/WebAppH/pullscba5.html]
[github.com/lvyztr/WebAppH/pulls2009.html]
[github.com/lvyztr/WebAppH/pulls0d4e.html]
[github.com/lvyztr/WebAppH/pulls1bfe.html]
[github.com/lvyztr/WebAppH/issues/show_menu_contentb116.html]
[github.com/lvyztr/WebAppH/issues/show_menu_contentb52c.html]
[github.com/lvyztr/WebAppH/issues/show_menu_content0f53.html]
[github.com/lvyztr/WebAppH/issues/show_menu_content0453.html]
[github.com/lvyztr/WebAppH/pulls5c75.html]
[github.com/lvyztr/WebAppH/pullsb56a.html]
[github.com/lvyztr/WebAppH/pullse8e1.html]
[github.com/lvyztr/WebAppH/pulls7aa7.html]
[github.com/lvyztr/WebAppH/issues/show_menu_contentdd02.html]
[github.com/lvyztr/WebAppH/pulls1273.html]
[github.com/lvyztr/WebAppH/pulls8f7d.html]
[github.com/lvyztr/WebAppH/pullsdac3.html]
[github.com/lvyztr/WebAppH/issues4379.html]
[github.com/lvyztr/WebAppH/pulls8d7b.html]
[github.com/lvyztr/WebAppH/pulls8380.html]
[github.com/lvyztr/WebAppH/issues/show_menu_content7563.html]
[github.com/lvyztr/WebAppH/issues/show_menu_content5054.html]
[github.com/lvyztr/WebAppH/issues/show_menu_contentaaa9.html]
[github.com/lvyztr/WebAppH/issues/show_menu_content84e0.html]
[github.com/lvyztr/WebAppH/pulls6d6e.html]
[github.com/lvyztr/WebAppH/issues/show_menu_content1b30.html]
[github.com/lvyztr/WebAppH/pullsc755.html]
[github.com/lvyztr/WebAppH/issues/show_menu_content74dd.html]
[github.com/lvyztr/WebAppH/issues/show_menu_content1d5a.html]
[github.com/lvyztr/WebAppH/issues/show_menu_content6dbd.html]
[github.com/lvyztr/WebAppH/issues/show_menu_contentb035.html]
[github.com/lvyztr/WebAppH/issues/show_menu_content1772.html]
[github.com/lvyztr/WebAppH/pullsfcb2.html]
[github.com/lvyztr/WebAppH/issuesdd39.html]
[github.com/lvyztr/WebAppH/issuesd4ef.html]
[github.com/lvyztr/WebAppH/issues/show_menu_contentec45.html]
[github.com/lvyztr/WebAppH/issues/show_menu_content62a6.html]
[github.com/lvyztr/WebAppH/issues/show_menu_contentff8b.html]
[github.com/lvyztr/WebAppH/issues/show_menu_contentab55.html]
[github.com/lvyztr/WebAppH/issues/show_menu_content07d8.html]
[github.com/lvyztr/WebAppH/pullsa83d.html]
[github.com/lvyztr/WebAppH/pullsc2aa.html]
[github.com/lvyztr/WebAppH/pulls5f60.html]
[github.com/lvyztr/WebAppH/pullse1d2.html]
[github.com/lvyztr/WebAppH/pulls6b3f.html]
[github.com/lvyztr/WebAppH/pullsf1f0.html]
[github.com/lvyztr/WebAppH/pullsb672.html]
[github.com/lvyztr/WebAppH/pullsd884.html]
[github.com/lvyztr/WebAppH/pulls2c3f.html]
[github.com/lvyztr/WebAppH/pulls235e.html]
[github.com/lvyztr/WebAppH/issuescf54.html]
[github.com/lvyztr/WebAppH/issues/show_menu_content5460.html]
[github.com/lvyztr/WebAppH/issues/show_menu_content6bc4.html]
[github.com/lvyztr/WebAppH/issues/show_menu_content3f9b.html]
[github.com/lvyztr/WebAppH/issues/show_menu_content997e.html]
[github.com/lvyztr/WebAppH/issues/show_menu_content1b2d.html]
[github.com/lvyztr/WebAppH/pulls7c73.html]
[github.com/lvyztr/WebAppH/pullsf953.html]
[github.com/lvyztr/WebAppH/pullsd839.html]
[github.com/lvyztr/WebAppH/issuesfffe.html]
[github.com/lvyztr/WebAppH/issues/show_menu_content1bc7.html]
[github.com/lvyztr/WebAppH/pulls2d6d.html]
[github.com/lvyztr/WebAppH/pulls9d57.html]
[github.com/lvyztr/WebAppH/pulls.4593556.delayed]
[github.com/lvyztr/WebAppH/pulls.45a2764.delayed]
[github.com/lvyztr/WebAppH/pulls.45b5e29.delayed]
[github.com/lvyztr/WebAppH/pulls.45c7f16.delayed]
[github.com/lvyztr/WebAppH/pulls.45d600e.delayed]
[github.com/lvyztr/WebAppH/issues/show_menu_content679b.html]
[github.com/lvyztr/WebAppH/issues/show_menu_content0b92.html]
[github.com/lvyztr/WebAppH/issues/show_menu_content8495.html]
[github.com/lvyztr/WebAppH/issues/show_menu_content1a66.html]
[github.com/lvyztr/WebAppH/issues/show_menu_content65c3.html]
[github.com/lvyztr/WebAppH/issues/show_menu_contentb891.html]
[github.com/lvyztr/WebAppH/issues/show_menu_contentca80.html]
[github.com/lvyztr/WebAppH/issues/show_menu_content08c8.html]
[github.com/lvyztr/WebAppH/issues/show_menu_contentf09f.html]
[github.com/lvyztr/WebAppH/pulls429b.html]
[github.com/lvyztr/WebAppH/pullse68b.html]
[github.com/lvyztr/WebAppH/pulls27f7.html]
[github.com/lvyztr/WebAppH/pullsad83.html]
[github.com/lvyztr/WebAppH/pulls61ad.html]
[github.com/lvyztr/WebAppH/pullsbc01.html]
[github.com/lvyztr/WebAppH/pullse526.html]
[github.com/lvyztr/WebAppH/pulls32c0.html]
[github.com/lvyztr/WebAppH/pullsf332.html]
[github.com/lvyztr/WebAppH/pulls9de4.html]
[github.com/lvyztr/WebAppH/issues/show_menu_content8975.html]
[github.com/lvyztr/WebAppH/issues/show_menu_content14c8.html]
[github.com/lvyztr/WebAppH/issues/show_menu_contentf8da.html]
[github.com/lvyztr/WebAppH/issues/show_menu_contentd2d4.html]
[github.com/lvyztr/WebAppH/issues/show_menu_contentcce5.html]
[github.com/lvyztr/WebAppH/pullscdff.html]
[github.com/lvyztr/WebAppH/issues681c.html]
[github.com/lvyztr/WebAppH/issues/show_menu_content27d1.html]
[github.com/lvyztr/WebAppH/issues/show_menu_content6537.html]
[github.com/lvyztr/WebAppH/issues/show_menu_content65d6.html]
[github.com/lvyztr/WebAppH/issues/show_menu_contente9c3.html]
[github.com/lvyztr/WebAppH/issues/show_menu_content7a4a.html]
[github.com/lvyztr/WebAppH/pulls6aa8.html]
[github.com/lvyztr/WebAppH/issuesb84c.html]
[github.com/lvyztr/WebAppH/issues/show_menu_contentde99.html]
[github.com/lvyztr/WebAppH/issues/show_menu_contentbe41.html]
[github.com/lvyztr/WebAppH/issues/show_menu_contentc9ea.html]
[github.com/lvyztr/WebAppH/issues/show_menu_content903c.html]
[github.com/lvyztr/WebAppH/issues/show_menu_content8db5.html]
[github.com/lvyztr/WebAppH/pullsc81e.html]
[github.com/lvyztr/WebAppH/pullsfe15.html]
[github.com/lvyztr/WebAppH/pulls9bcd.html]
[github.com/lvyztr/WebAppH/pullsd733.html]
[github.com/lvyztr/WebAppH/pulls9f6b.html]
[github.com/lvyztr/WebAppH/pulls28b9.html]
[github.com/lvyztr/WebAppH/pulls52b7.html]
[github.com/lvyztr/WebAppH/pulls88e2.html]
[github.com/lvyztr/WebAppH/pullsedb6.html]
[github.com/lvyztr/WebAppH/pullsa7fd.html]
[github.com/lvyztr/WebAppH/pulls9c98.html]
[github.com/lvyztr/WebAppH/pulls1772.html]
[github.com/lvyztr/WebAppH/pulls38e5.html]
[github.com/lvyztr/WebAppH/issuesf413.html]
[github.com/lvyztr/WebAppH/pulls2511.html]
[github.com/lvyztr/WebAppH/pullsc4e4.html]
[github.com/lvyztr/WebAppH/issues0a81.html]
[github.com/lvyztr/WebAppH/issues/show_menu_content8aa0.html]
[github.com/lvyztr/WebAppH/pullsb463.html]
[github.com/lvyztr/WebAppH/pulls6aee.html]
[github.com/lvyztr/WebAppH/pulls.498afe2.delayed]
[github.com/lvyztr/WebAppH/pulls.499457b.delayed]
[github.com/lvyztr/WebAppH/pulls.49aa103.delayed]
[github.com/lvyztr/WebAppH/pulls.49bf669.delayed]
[github.com/lvyztr/WebAppH/pulls.49cae03.delayed]
[github.com/lvyztr/WebAppH/pulls.49d3036.delayed]
[github.com/lvyztr/WebAppH/issues/show_menu_contentf593.html]
[github.com/lvyztr/WebAppH/issues/show_menu_content016e.html]
[github.com/lvyztr/WebAppH/issues/show_menu_content8d0b.html]
[github.com/lvyztr/WebAppH/issues/show_menu_contentb56a.html]
[github.com/lvyztr/WebAppH/issues/show_menu_contentc036.html]
[github.com/lvyztr/WebAppH/issues/show_menu_content58d9.html]
[github.com/lvyztr/WebAppH/issues/show_menu_content0276.html]
[github.com/lvyztr/WebAppH/issues/show_menu_content4b7a.html]
[github.com/lvyztr/WebAppH/issues/show_menu_contentcc17.html]
[github.com/lvyztr/WebAppH/pullsc97c.html]
[github.com/lvyztr/WebAppH/pullsf319.html]
[github.com/lvyztr/WebAppH/pulls3b50.html]
[github.com/lvyztr/WebAppH/pulls47be.html]
[github.com/lvyztr/WebAppH/pullsd19c.html]
[github.com/lvyztr/WebAppH/pullsef57.html]
[github.com/lvyztr/WebAppH/pulls5aad.html]
[github.com/lvyztr/WebAppH/pullsa825.html]
[github.com/lvyztr/WebAppH/pulls2c7f.html]
[github.com/lvyztr/WebAppH/pulls4690.html]
[github.com/lvyztr/WebAppH/issues98e8.html]
[github.com/lvyztr/WebAppH/issues/show_menu_content6e9a.html]
[github.com/lvyztr/WebAppH/issues/show_menu_content2bfa.html]
[github.com/lvyztr/WebAppH/issues/show_menu_content1f68.html]
[github.com/lvyztr/WebAppH/issues/show_menu_content11bd.html]
[github.com/lvyztr/WebAppH/issues/show_menu_contentc597.html]
[github.com/lvyztr/WebAppH/pulls2d03.html]
[github.com/lvyztr/WebAppH/issues9499.html]
[github.com/lvyztr/WebAppH/issues/show_menu_content166b.html]
[github.com/lvyztr/WebAppH/issues/show_menu_content4feb.html]
[github.com/lvyztr/WebAppH/issues/show_menu_content173c.html]
[github.com/lvyztr/WebAppH/issues/show_menu_content6dc5.html]
[github.com/lvyztr/WebAppH/issues/show_menu_contentb29d.html]
[github.com/lvyztr/WebAppH/pulls08ec.html]
[github.com/lvyztr/WebAppH/pulls57eb.html]
[github.com/lvyztr/WebAppH/issuesa4b1.html]
[github.com/lvyztr/WebAppH/pulls84da.html]
[github.com/lvyztr/WebAppH/pullsbcd0.html]
[github.com/lvyztr/WebAppH/issues/show_menu_contentf1c3.html]
[github.com/lvyztr/WebAppH/issues/show_menu_content3a2e.html]
[github.com/lvyztr/WebAppH/issues/show_menu_content434c.html]
[github.com/lvyztr/WebAppH/issues/show_menu_content324b.html]
[github.com/lvyztr/WebAppH/issues/show_menu_content07e5.html]
[github.com/lvyztr/WebAppH/pulls82ef.html]
[github.com/lvyztr/WebAppH/pulls5c86.html]
[github.com/lvyztr/WebAppH/issues29c0.html]
[github.com/lvyztr/WebAppH/pullsaed8.html]
[github.com/lvyztr/WebAppH/pulls1810.html]
[github.com/lvyztr/WebAppH/issues/show_menu_content9e64.html]
[github.com/lvyztr/WebAppH/issues/show_menu_content98c5.html]
[github.com/lvyztr/WebAppH/issues/show_menu_content34bf.html]
[github.com/lvyztr/WebAppH/issues/show_menu_content033a.html]
[github.com/lvyztr/WebAppH/issues/show_menu_contentaa13.html]
[github.com/lvyztr/WebAppH/pulls4f2c.html]
[github.com/lvyztr/WebAppH/pulls9eeb.html]
[github.com/lvyztr/WebAppH/issuese24f.html]
[github.com/lvyztr/WebAppH/pullsedd0.html]
[github.com/lvyztr/WebAppH/pulls8c5a.html]
[github.com/lvyztr/WebAppH/issues/show_menu_content6a48.html]
[github.com/lvyztr/WebAppH/issues/show_menu_content97df.html]
[github.com/lvyztr/WebAppH/issues/show_menu_content8423.html]
[github.com/lvyztr/WebAppH/issues/show_menu_content0d8a.html]
[github.com/lvyztr/WebAppH/issues/show_menu_content3a6b.html]
[github.com/lvyztr/WebAppH/pullsc23c.html]
[github.com/lvyztr/WebAppH/issues03b5.html]
[github.com/lvyztr/WebAppH/pulls5935.html]
[github.com/lvyztr/WebAppH/issues/show_menu_content7fe5.html]
[github.com/lvyztr/WebAppH/issues/show_menu_contentfd28.html]
[github.com/lvyztr/WebAppH/issues/show_menu_contentfbcc.html]
[github.com/lvyztr/WebAppH/issues/show_menu_content5001.html]
[github.com/lvyztr/WebAppH/issues/show_menu_content0333.html]
[github.com/lvyztr/WebAppH/pullsa7d1.html]
[github.com/lvyztr/WebAppH/pulls1e9b.html]
[github.com/lvyztr/WebAppH/issuesd0fa.html]
[github.com/lvyztr/WebAppH/pulls525c.html]
[github.com/lvyztr/WebAppH/pullsf708.html]
[github.com/lvyztr/WebAppH/issues/show_menu_contenteece.html]
[github.com/lvyztr/WebAppH/issues/show_menu_content2b38.html]
[github.com/lvyztr/WebAppH/issues/show_menu_contenta0ab.html]
[github.com/lvyztr/WebAppH/issues/show_menu_content3aa0.html]
[github.com/lvyztr/WebAppH/issues/show_menu_content29ba.html]
[github.com/lvyztr/WebAppH/pulls6cd1.html]
[github.com/lvyztr/WebAppH/pulls2d96.html]
[github.com/lvyztr/WebAppH/issuesb198.html]
[github.com/lvyztr/WebAppH/pullsa59a.html]
[github.com/lvyztr/WebAppH/pullsab72.html]
[github.com/lvyztr/WebAppH/issues/show_menu_content67a8.html]
[github.com/lvyztr/WebAppH/issues/show_menu_content5830.html]
[github.com/lvyztr/WebAppH/issues/show_menu_content1dd6.html]
[github.com/lvyztr/WebAppH/issues/show_menu_contentaf74.html]
[github.com/lvyztr/WebAppH/issues/show_menu_content1c27.html]
[github.com/lvyztr/WebAppH/pulls30f6.html]
[github.com/lvyztr/WebAppH/pulls696b.html]
[github.com/lvyztr/WebAppH/pulls6dc0.html]
[github.com/lvyztr/WebAppH/pullscff2.html]
[github.com/lvyztr/WebAppH/pulls1e5c.html]
[github.com/lvyztr/WebAppH/pulls4392.html]
[github.com/lvyztr/WebAppH/pullsabcc.html]
[github.com/lvyztr/WebAppH/pullsb68f.html]
[github.com/lvyztr/WebAppH/issues4690.html]
[github.com/lvyztr/WebAppH/pulls3a88.html]
[github.com/lvyztr/WebAppH/pulls6c87.html]
[github.com/lvyztr/WebAppH/pulls7c1c.html]
[github.com/lvyztr/WebAppH/issues4768.html]
[github.com/lvyztr/WebAppH/issues/show_menu_contentd342.html]
[github.com/lvyztr/WebAppH/pulls10c9.html]
[github.com/lvyztr/WebAppH/pulls.5079ae5.delayed]
[github.com/lvyztr/WebAppH/pulls.5083469.delayed]
[github.com/lvyztr/WebAppH/pulls.509545e.delayed]
[github.com/lvyztr/WebAppH/pulls.50a3427.delayed]
[github.com/lvyztr/WebAppH/pulls.50b0add.delayed]
[github.com/lvyztr/WebAppH/pulls.50c4083.delayed]
[github.com/lvyztr/WebAppH/pulls.50d91a8.delayed]
[github.com/lvyztr/WebAppH/issues/show_menu_content529e.html]
[github.com/lvyztr/WebAppH/issues/show_menu_contentaf4b.html]
[github.com/lvyztr/WebAppH/issues/show_menu_content4e49.html]
[github.com/lvyztr/WebAppH/pulls6285.html]
[github.com/lvyztr/WebAppH/pulls9d1e.html]
[github.com/lvyztr/WebAppH/pullsbd77.html]
[github.com/lvyztr/WebAppH/pulls3850.html]
[github.com/lvyztr/WebAppH/pulls50ff.html]
[github.com/lvyztr/WebAppH/issues/show_menu_content4aea.html]
[github.com/lvyztr/WebAppH/pulls8810.html]
[github.com/lvyztr/WebAppH/pulls5a5f.html]
[github.com/lvyztr/WebAppH/pulls0188.html]
[github.com/lvyztr/WebAppH/pulls0e6d.html]
[github.com/lvyztr/WebAppH/pullsfea5.html]
[github.com/lvyztr/WebAppH/pulls2ad3.html]
[github.com/lvyztr/WebAppH/issues/show_menu_content475f.html]
[github.com/lvyztr/WebAppH/issues/show_menu_content6d0a.html]
[github.com/lvyztr/WebAppH/issues/show_menu_contentacfe.html]
[github.com/lvyztr/WebAppH/issues/show_menu_contentf41d.html]
[github.com/lvyztr/WebAppH/issues/show_menu_contentfc17.html]
[github.com/lvyztr/WebAppH/pulls322f.html]
[github.com/lvyztr/WebAppH/issues9d32.html]
[github.com/lvyztr/WebAppH/issues/show_menu_content26e6.html]
[github.com/lvyztr/WebAppH/issues/show_menu_content9b3b.html]
[github.com/lvyztr/WebAppH/issues/show_menu_content23aa.html]
[github.com/lvyztr/WebAppH/issues/show_menu_content5d97.html]
[github.com/lvyztr/WebAppH/pullsdb01.html]
[github.com/lvyztr/WebAppH/pullsf63c.html]
[github.com/lvyztr/WebAppH/pulls7d31.html]
[github.com/lvyztr/WebAppH/pulls4e98.html]
[github.com/lvyztr/WebAppH/issues/show_menu_contentd340.html]
[github.com/lvyztr/WebAppH/pulls4b4a.html]
[github.com/lvyztr/WebAppH/issues0f37.html]
[github.com/lvyztr/WebAppH/pullsddba.html]
[github.com/lvyztr/WebAppH/pulls13ed.html]
[github.com/lvyztr/WebAppH/issues/show_menu_content97a6.html]
[github.com/lvyztr/WebAppH/issues/show_menu_contenteec3.html]
[github.com/lvyztr/WebAppH/issues/show_menu_content2aae.html]
[github.com/lvyztr/WebAppH/issues/show_menu_content571d.html]
[github.com/lvyztr/WebAppH/pulls0ad1.html]
[github.com/lvyztr/WebAppH/pulls8544.html]
[github.com/lvyztr/WebAppH/pulls3676.html]
[github.com/lvyztr/WebAppH/issues/show_menu_content952d.html]
[github.com/lvyztr/WebAppH/pulls0e01.html]
[github.com/lvyztr/WebAppH/issues18bf.html]
[github.com/lvyztr/WebAppH/issues/show_menu_contentba5d.html]
[github.com/lvyztr/WebAppH/issues/show_menu_content4189.html]
[github.com/lvyztr/WebAppH/issues/show_menu_content5e06.html]
[github.com/lvyztr/WebAppH/issues/show_menu_content6727.html]
[github.com/lvyztr/WebAppH/pulls4e55.html]
[github.com/lvyztr/WebAppH/issues/show_menu_content3973.html]
[github.com/lvyztr/WebAppH/pulls9e51.html]
[github.com/lvyztr/WebAppH/issueseae2.html]
[github.com/lvyztr/WebAppH/pullse974.html]
[github.com/lvyztr/WebAppH/pulls7f0e.html]
[github.com/lvyztr/WebAppH/issues/show_menu_content6523.html]
[github.com/lvyztr/WebAppH/issues/show_menu_contenta112.html]
[github.com/lvyztr/WebAppH/issues/show_menu_contenteca0.html]
[github.com/lvyztr/WebAppH/issues/show_menu_contentbec9.html]
[github.com/lvyztr/WebAppH/pulls1399.html]
[github.com/lvyztr/WebAppH/pulls98d8.html]
[github.com/lvyztr/WebAppH/pulls54a8.html]
[github.com/lvyztr/WebAppH/pulls0df6.html]
[github.com/lvyztr/WebAppH/issues/show_menu_contentc3e2.html]
[github.com/lvyztr/WebAppH/pulls1fbf.html]
[github.com/lvyztr/WebAppH/issuesa622.html]
[github.com/lvyztr/WebAppH/pulls535e.html]
[github.com/lvyztr/WebAppH/pullsa876.html]
[github.com/lvyztr/WebAppH/issues/show_menu_content8cb0.html]
[github.com/lvyztr/WebAppH/issues/show_menu_contente1f1.html]
[github.com/lvyztr/WebAppH/issues/show_menu_content71ef.html]
[github.com/lvyztr/WebAppH/issues/show_menu_contentac11.html]
[github.com/lvyztr/WebAppH/pulls9e7d.html]
[github.com/lvyztr/WebAppH/issues/show_menu_contentf54f.html]
[github.com/lvyztr/WebAppH/pullsf652.html]
[github.com/lvyztr/WebAppH/issues15c3.html]
[github.com/lvyztr/WebAppH/pulls702f.html]
[github.com/lvyztr/WebAppH/pulls8909.html]
[github.com/lvyztr/WebAppH/issues/show_menu_content011e.html]
[github.com/lvyztr/WebAppH/issues/show_menu_content5072.html]
[github.com/lvyztr/WebAppH/issues/show_menu_contentc476.html]
[github.com/lvyztr/WebAppH/issues/show_menu_content38ea.html]
[github.com/lvyztr/WebAppH/pulls952d.html]
[github.com/lvyztr/WebAppH/pulls7f82.html]
[github.com/lvyztr/WebAppH/pulls862b.html]
[github.com/lvyztr/WebAppH/pullsccf1.html]
[github.com/lvyztr/WebAppH/issues/show_menu_contentcb83.html]
[github.com/lvyztr/WebAppH/pulls377d.html]
[github.com/lvyztr/WebAppH/pulls7bbb.html]
[github.com/lvyztr/WebAppH/pulls3587.html]
[github.com/lvyztr/WebAppH/issues/show_menu_content796a.html]
[github.com/lvyztr/WebAppH/issues/show_menu_contenteabd.html]
[github.com/lvyztr/WebAppH/issues/show_menu_content79d3.html]
[github.com/lvyztr/WebAppH/issues/show_menu_content4be1.html]
[github.com/lvyztr/WebAppH/issues/show_menu_content6fbd.html]
[github.com/lvyztr/WebAppH/pullsb0a7.html]
[github.com/lvyztr/WebAppH/issuesddc7.html]
[github.com/lvyztr/WebAppH/issues0f3f.html]
[github.com/lvyztr/WebAppH/issues/show_menu_contenta127.html]
[github.com/lvyztr/WebAppH/issues/show_menu_content4eb3.html]
[github.com/lvyztr/WebAppH/issues/show_menu_contentcdf6.html]
[github.com/lvyztr/WebAppH/issues/show_menu_contentecf7.html]
[github.com/lvyztr/WebAppH/pulls93ba.html]
[github.com/lvyztr/WebAppH/pullsc5fc.html]
[github.com/lvyztr/WebAppH/pulls9df7.html]
[github.com/lvyztr/WebAppH/issues/show_menu_contentc14c.html]
[github.com/lvyztr/WebAppH/pulls0629.html]
[github.com/lvyztr/WebAppH/pulls1130.html]
[github.com/lvyztr/WebAppH/pullsf00c.html]
[github.com/lvyztr/WebAppH/issuesd7e0.html]
[github.com/lvyztr/WebAppH/issues/show_menu_contentf808.html]
[github.com/lvyztr/WebAppH/pullscafe.html]
[github.com/lvyztr/WebAppH/pulls6c2a.html]
[github.com/lvyztr/WebAppH/pulls.57fb761.delayed]
[github.com/lvyztr/WebAppH/pulls.5800329.delayed]
[github.com/lvyztr/WebAppH/pulls.581c7e4.delayed]
[github.com/lvyztr/WebAppH/issues/show_menu_contentb938.html]
[github.com/lvyztr/WebAppH/issues/show_menu_content5ffe.html]
[github.com/lvyztr/WebAppH/issues/show_menu_contenteda3.html]
[github.com/lvyztr/WebAppH/pulls08a7.html]
[github.com/lvyztr/WebAppH/pullscf12.html]
[github.com/lvyztr/WebAppH/pulls2aca.html]
[github.com/lvyztr/WebAppH/pulls7e27.html]
[github.com/lvyztr/WebAppH/issues/show_menu_contentf121.html]
[github.com/lvyztr/WebAppH/pullsc39a.html]
[github.com/lvyztr/WebAppH/pulls1059.html]
[github.com/lvyztr/WebAppH/issuesddf2.html]
[github.com/lvyztr/WebAppH/pulls0ccf.html]
[github.com/lvyztr/WebAppH/pullsd429.html]
[github.com/lvyztr/WebAppH/issues/show_menu_content9028.html]
[github.com/lvyztr/WebAppH/pulls.58ffc4f.delayed]
[github.com/lvyztr/WebAppH/pulls.5904278.delayed]
[github.com/lvyztr/WebAppH/pulls.59121c6.delayed]
[github.com/lvyztr/WebAppH/pulls.592b24a.delayed]
[github.com/lvyztr/WebAppH/pulls.593eda8.delayed]
[github.com/lvyztr/WebAppH/pulls.594de6b.delayed]
[github.com/lvyztr/WebAppH/pulls.59551e2.delayed]
[github.com/lvyztr/WebAppH/issues/show_menu_contentab24.html]
[github.com/lvyztr/WebAppH/issues/show_menu_content76a6.html]
[github.com/lvyztr/WebAppH/issues/show_menu_content65e5.html]
[github.com/lvyztr/WebAppH/pullsa904.html]
[github.com/lvyztr/WebAppH/pulls39c0.html]
[github.com/lvyztr/WebAppH/pulls3a3b.html]
[github.com/lvyztr/WebAppH/pulls4570.html]
[github.com/lvyztr/WebAppH/pullsd1b3.html]
[github.com/lvyztr/WebAppH/issues/show_menu_content73c9.html]
[github.com/lvyztr/WebAppH/pullsc7b8.html]
[github.com/lvyztr/WebAppH/issues/show_menu_content515e.html]
[github.com/lvyztr/WebAppH/issues/show_menu_content5528.html]
[github.com/lvyztr/WebAppH/issues/show_menu_content075e.html]
[github.com/lvyztr/WebAppH/issues/show_menu_content2721.html]
[github.com/lvyztr/WebAppH/pulls1641.html]
[github.com/lvyztr/WebAppH/issues/show_menu_contentedf8.html]
[github.com/lvyztr/WebAppH/pullsdd6e.html]
[github.com/lvyztr/WebAppH/issuesd1b3.html]
[github.com/lvyztr/WebAppH/actions/workflows_partial619f.html]
[github.com/lvyztr/WebAppH/actions/navigation_partial8897.html]
[github.com/lvyztr/WebAppH/actions/workflows/jekyll.yml/badge.html]
[github.com/lvyztr/WebAppH/blob/master/.github/workflows/jekyll.html]
[github.com/lvyztr/WebAppH/actions/events225a.html]
[github.com/lvyztr/WebAppH/actions/workflows/jekyll1990.html]
[github.com/lvyztr/WebAppH/actions/workflows/jekylld621.html]
[github.com/lvyztr/WebAppH/actions/workflows/jekyllf90f.html]
[github.com/lvyztr/WebAppH/actions/workflows/jekyll36bd.html]
[github.com/lvyztr/WebAppH/actions/workflows/jekylle6df.html]
[github.com/lvyztr/WebAppH/actions/workflows/jekyllb94e.html]
[github.com/lvyztr/WebAppH/actions/workflows/jekyll415e.html]
[github.com/lvyztr/WebAppH/actions/workflows/jekyll7922.html]
[github.com/lvyztr/WebAppH/actions/workflows/jekyll9b52.html]
[github.com/lvyztr/WebAppH/actions/workflows/jekyll5470.html]
[github.com/lvyztr/WebAppH/actions/workflows/jekyll1ecc.html]
[github.com/lvyztr/WebAppH/actions/workflows/jekyll9e1e.html]
[github.com/lvyztr/WebAppH/actions/statuses225a.html]
[github.com/lvyztr/WebAppH/actions/workflows/jekyll6228.html]
[github.com/lvyztr/WebAppH/actions/workflows/jekyll174d.html]
[github.com/lvyztr/WebAppH/actions/branches225a.html]
[github.com/lvyztr/WebAppH/actions/workflows/jekyllea49.html]
[github.com/lvyztr/WebAppH/actions/actors225a.html]
[github.com/lvyztr/WebAppH/actions/workflows/jekyll0a0e.html]
[github.com/lvyztr/WebAppH/actions/workflows_partial1990.html]
[github.com/lvyztr/WebAppH/actions/events7ce0.html]
[github.com/lvyztr/WebAppH/actions/statuses7ce0.html]
[github.com/lvyztr/WebAppH/actions/branches7ce0.html]
[github.com/lvyztr/WebAppH/actions/actors7ce0.html]
[github.com/lvyztr/WebAppH/actions1990.html]
[github.com/lvyztr/WebAppH/actions/workflows_partiald621.html]
[github.com/lvyztr/WebAppH/actions/events9c59.html]
[github.com/lvyztr/WebAppH/actions/statuses9c59.html]
[github.com/lvyztr/WebAppH/actions/branches9c59.html]
[github.com/lvyztr/WebAppH/actions/actors9c59.html]
[github.com/lvyztr/WebAppH/actionsd621.html]
[github.com/lvyztr/WebAppH/actions/workflows_partialf90f.html]
[github.com/lvyztr/WebAppH/actions/events0ed7.html]
[github.com/lvyztr/WebAppH/actions/statuses0ed7.html]
[github.com/lvyztr/WebAppH/actions/branches0ed7.html]
[github.com/lvyztr/WebAppH/actions/actors0ed7.html]
[github.com/lvyztr/WebAppH/actionsf90f.html]
[github.com/lvyztr/WebAppH/actions/workflows_partial36bd.html]
[github.com/lvyztr/WebAppH/actions/events4d29.html]
[github.com/lvyztr/WebAppH/actions/statuses4d29.html]
[github.com/lvyztr/WebAppH/actions/branches4d29.html]
[github.com/lvyztr/WebAppH/actions/actors4d29.html]
[github.com/lvyztr/WebAppH/actions36bd.html]
[github.com/lvyztr/WebAppH/actions/workflows_partiale6df.html]
[github.com/lvyztr/WebAppH/actions/events1a44.html]
[github.com/lvyztr/WebAppH/actions/statuses1a44.html]
[github.com/lvyztr/WebAppH/actions/branches1a44.html]
[github.com/lvyztr/WebAppH/actions/actors1a44.html]
[github.com/lvyztr/WebAppH/actionse6df.html]
[github.com/lvyztr/WebAppH/actions/workflows_partialb94e.html]
[github.com/lvyztr/WebAppH/actions/events882f.html]
[github.com/lvyztr/WebAppH/actions/statuses882f.html]
[github.com/lvyztr/WebAppH/actions/branches882f.html]
[github.com/lvyztr/WebAppH/actions/actors882f.html]
[github.com/lvyztr/WebAppH/actionsb94e.html]
[github.com/lvyztr/WebAppH/actions/workflows_partial415e.html]
[github.com/lvyztr/WebAppH/actions/eventsdd39.html]
[github.com/lvyztr/WebAppH/actions/statusesdd39.html]
[github.com/lvyztr/WebAppH/actions/branchesdd39.html]
[github.com/lvyztr/WebAppH/actions/actorsdd39.html]
[github.com/lvyztr/WebAppH/actions415e.html]
[github.com/lvyztr/WebAppH/actions/workflows_partial7922.html]
[github.com/lvyztr/WebAppH/actions/eventse9fa.html]
[github.com/lvyztr/WebAppH/actions/statusese9fa.html]
[github.com/lvyztr/WebAppH/actions/branchese9fa.html]
[github.com/lvyztr/WebAppH/actions/actorse9fa.html]
[github.com/lvyztr/WebAppH/actions7922.html]
[github.com/lvyztr/WebAppH/actions/workflows_partial9b52.html]
[github.com/lvyztr/WebAppH/actions/events64e7.html]
[github.com/lvyztr/WebAppH/actions/statuses64e7.html]
[github.com/lvyztr/WebAppH/actions/branches64e7.html]
[github.com/lvyztr/WebAppH/actions/actors64e7.html]
[github.com/lvyztr/WebAppH/actions9b52.html]
[github.com/lvyztr/WebAppH/actions/workflows_partial5470.html]
[github.com/lvyztr/WebAppH/actions/events6557.html]
[github.com/lvyztr/WebAppH/actions/statuses6557.html]
[github.com/lvyztr/WebAppH/actions/branches6557.html]
[github.com/lvyztr/WebAppH/actions/actors6557.html]
[github.com/lvyztr/WebAppH/actions5470.html]
[github.com/lvyztr/WebAppH/actions/workflows_partial1ecc.html]
[github.com/lvyztr/WebAppH/actions/eventsdd54.html]
[github.com/lvyztr/WebAppH/actions/statusesdd54.html]
[github.com/lvyztr/WebAppH/actions/branchesdd54.html]
[github.com/lvyztr/WebAppH/actions/actorsdd54.html]
[github.com/lvyztr/WebAppH/actions1ecc.html]
[github.com/lvyztr/WebAppH/actions/workflows_partial9e1e.html]
[github.com/lvyztr/WebAppH/actions/eventsbb46.html]
